$ verilator --version
Verilator 5.052 2026-09-05 rev vUNKNOWN-built20260905
exit_code=0
$ .venv/bin/cocotb-config --version
2.1.0
exit_code=0
Command: PATH="$PWD/.venv/bin:$PATH" SIM_BUILD="/var/folders/78/xn7s20w54m75pf1x_198zh980000gn/T/tmp.F7hedz72wO" COCOTB_RESULTS_FILE="/var/folders/78/xn7s20w54m75pf1x_198zh980000gn/T/tmp.F7hedz72wO/results.xml" make -f tb/tests/Makefile.apb_regs
rm -f /var/folders/78/xn7s20w54m75pf1x_198zh980000gn/T/tmp.F7hedz72wO/results.xml
/opt/homebrew/bin/verilator -cc --exe -Mdir /var/folders/78/xn7s20w54m75pf1x_198zh980000gn/T/tmp.F7hedz72wO --top-module apb_regs --timescale 1ns/1ps --vpi --public-flat-rw --prefix Vtop -o Vtop -LDFLAGS "-Wl,-rpath,/Users/Dilan/Projects/from-rtl-to-pixels/.venv/lib/python3.14/site-packages/cocotb/libs -L/Users/Dilan/Projects/from-rtl-to-pixels/.venv/lib/python3.14/site-packages/cocotb/libs -lcocotbvpi_verilator"  /Users/Dilan/Projects/from-rtl-to-pixels/rtl/apb_regs.sv /Users/Dilan/Projects/from-rtl-to-pixels/.venv/lib/python3.14/site-packages/cocotb/share/lib/verilator/verilator.cpp
- V e r i l a t i o n   R e p o r t: Verilator 5.052 2026-09-05 rev vUNKNOWN-built20260905
- Verilator: Built from 0.036 MB sources in 2 modules, into 0.060 MB in 7 C++ files needing 0.000 MB
- Verilator: Walltime 0.034 s (elab=0.006, cvt=0.015, bld=0.000); cpu 0.015 s on 1 threads; allocated 10.500 MB
/Applications/Xcode.app/Contents/Developer/usr/bin/make -C /var/folders/78/xn7s20w54m75pf1x_198zh980000gn/T/tmp.F7hedz72wO  -f Vtop.mk
c++  -I.  -MMD -I/opt/homebrew/Cellar/verilator/5.052/share/verilator/include -I/opt/homebrew/Cellar/verilator/5.052/share/verilator/include/vltstd -DVERILATOR=1 -DVM_COVERAGE=0 -DVM_SC=0 -DVM_TIMING=0 -DVM_TRACE=0 -DVM_TRACE_FST=0 -DVM_TRACE_VCD=0 -DVM_TRACE_SAIF=0 -DVM_VPI=1 -faligned-new -fbracket-depth=4096 -fcf-protection=none -Xclang -fno-pch-timestamp -Qunused-arguments -Wno-bool-operation -Wno-c++11-narrowing -Wno-constant-logical-operand -Wno-int-in-bool-context -Wno-non-pod-varargs -Wno-parentheses-equality -Wno-shadow -Wno-sign-compare -Wno-tautological-bitwise-compare -Wno-tautological-compare -Wno-uninitialized -Wno-unnecessary-virtual-specifier -Wno-unused-but-set-parameter -Wno-unused-but-set-variable -Wno-unused-parameter -Wno-unused-variable -Wno-vla-cxx-extension      -Os  -c -o verilator.o /Users/Dilan/Projects/from-rtl-to-pixels/.venv/lib/python3.14/site-packages/cocotb/share/lib/verilator/verilator.cpp
c++ -Os  -I.  -MMD -I/opt/homebrew/Cellar/verilator/5.052/share/verilator/include -I/opt/homebrew/Cellar/verilator/5.052/share/verilator/include/vltstd -DVERILATOR=1 -DVM_COVERAGE=0 -DVM_SC=0 -DVM_TIMING=0 -DVM_TRACE=0 -DVM_TRACE_FST=0 -DVM_TRACE_VCD=0 -DVM_TRACE_SAIF=0 -DVM_VPI=1 -faligned-new -fbracket-depth=4096 -fcf-protection=none -Xclang -fno-pch-timestamp -Qunused-arguments -Wno-bool-operation -Wno-c++11-narrowing -Wno-constant-logical-operand -Wno-int-in-bool-context -Wno-non-pod-varargs -Wno-parentheses-equality -Wno-shadow -Wno-sign-compare -Wno-tautological-bitwise-compare -Wno-tautological-compare -Wno-uninitialized -Wno-unnecessary-virtual-specifier -Wno-unused-but-set-parameter -Wno-unused-but-set-variable -Wno-unused-parameter -Wno-unused-variable -Wno-vla-cxx-extension      -c -o verilated.o /opt/homebrew/Cellar/verilator/5.052/share/verilator/include/verilated.cpp
c++ -Os  -I.  -MMD -I/opt/homebrew/Cellar/verilator/5.052/share/verilator/include -I/opt/homebrew/Cellar/verilator/5.052/share/verilator/include/vltstd -DVERILATOR=1 -DVM_COVERAGE=0 -DVM_SC=0 -DVM_TIMING=0 -DVM_TRACE=0 -DVM_TRACE_FST=0 -DVM_TRACE_VCD=0 -DVM_TRACE_SAIF=0 -DVM_VPI=1 -faligned-new -fbracket-depth=4096 -fcf-protection=none -Xclang -fno-pch-timestamp -Qunused-arguments -Wno-bool-operation -Wno-c++11-narrowing -Wno-constant-logical-operand -Wno-int-in-bool-context -Wno-non-pod-varargs -Wno-parentheses-equality -Wno-shadow -Wno-sign-compare -Wno-tautological-bitwise-compare -Wno-tautological-compare -Wno-uninitialized -Wno-unnecessary-virtual-specifier -Wno-unused-but-set-parameter -Wno-unused-but-set-variable -Wno-unused-parameter -Wno-unused-variable -Wno-vla-cxx-extension      -c -o verilated_dpi.o /opt/homebrew/Cellar/verilator/5.052/share/verilator/include/verilated_dpi.cpp
c++ -Os  -I.  -MMD -I/opt/homebrew/Cellar/verilator/5.052/share/verilator/include -I/opt/homebrew/Cellar/verilator/5.052/share/verilator/include/vltstd -DVERILATOR=1 -DVM_COVERAGE=0 -DVM_SC=0 -DVM_TIMING=0 -DVM_TRACE=0 -DVM_TRACE_FST=0 -DVM_TRACE_VCD=0 -DVM_TRACE_SAIF=0 -DVM_VPI=1 -faligned-new -fbracket-depth=4096 -fcf-protection=none -Xclang -fno-pch-timestamp -Qunused-arguments -Wno-bool-operation -Wno-c++11-narrowing -Wno-constant-logical-operand -Wno-int-in-bool-context -Wno-non-pod-varargs -Wno-parentheses-equality -Wno-shadow -Wno-sign-compare -Wno-tautological-bitwise-compare -Wno-tautological-compare -Wno-uninitialized -Wno-unnecessary-virtual-specifier -Wno-unused-but-set-parameter -Wno-unused-but-set-variable -Wno-unused-parameter -Wno-unused-variable -Wno-vla-cxx-extension      -c -o verilated_vpi.o /opt/homebrew/Cellar/verilator/5.052/share/verilator/include/verilated_vpi.cpp
c++ -Os  -I.  -MMD -I/opt/homebrew/Cellar/verilator/5.052/share/verilator/include -I/opt/homebrew/Cellar/verilator/5.052/share/verilator/include/vltstd -DVERILATOR=1 -DVM_COVERAGE=0 -DVM_SC=0 -DVM_TIMING=0 -DVM_TRACE=0 -DVM_TRACE_FST=0 -DVM_TRACE_VCD=0 -DVM_TRACE_SAIF=0 -DVM_VPI=1 -faligned-new -fbracket-depth=4096 -fcf-protection=none -Xclang -fno-pch-timestamp -Qunused-arguments -Wno-bool-operation -Wno-c++11-narrowing -Wno-constant-logical-operand -Wno-int-in-bool-context -Wno-non-pod-varargs -Wno-parentheses-equality -Wno-shadow -Wno-sign-compare -Wno-tautological-bitwise-compare -Wno-tautological-compare -Wno-uninitialized -Wno-unnecessary-virtual-specifier -Wno-unused-but-set-parameter -Wno-unused-but-set-variable -Wno-unused-parameter -Wno-unused-variable -Wno-vla-cxx-extension      -c -o verilated_threads.o /opt/homebrew/Cellar/verilator/5.052/share/verilator/include/verilated_threads.cpp
python3 /opt/homebrew/Cellar/verilator/5.052/share/verilator/bin/verilator_includer -DVL_INCLUDE_OPT=include Vtop.cpp Vtop___024root__0.cpp Vtop__Dpi.cpp Vtop__ConstPool__0__Slow.cpp Vtop___024root__Slow.cpp Vtop___024root__0__Slow.cpp Vtop__Syms__Slow.cpp > Vtop__ALL.cpp
c++ -Os  -I.  -MMD -I/opt/homebrew/Cellar/verilator/5.052/share/verilator/include -I/opt/homebrew/Cellar/verilator/5.052/share/verilator/include/vltstd -DVERILATOR=1 -DVM_COVERAGE=0 -DVM_SC=0 -DVM_TIMING=0 -DVM_TRACE=0 -DVM_TRACE_FST=0 -DVM_TRACE_VCD=0 -DVM_TRACE_SAIF=0 -DVM_VPI=1 -faligned-new -fbracket-depth=4096 -fcf-protection=none -Xclang -fno-pch-timestamp -Qunused-arguments -Wno-bool-operation -Wno-c++11-narrowing -Wno-constant-logical-operand -Wno-int-in-bool-context -Wno-non-pod-varargs -Wno-parentheses-equality -Wno-shadow -Wno-sign-compare -Wno-tautological-bitwise-compare -Wno-tautological-compare -Wno-uninitialized -Wno-unnecessary-virtual-specifier -Wno-unused-but-set-parameter -Wno-unused-but-set-variable -Wno-unused-parameter -Wno-unused-variable -Wno-vla-cxx-extension      -c -o Vtop__ALL.o Vtop__ALL.cpp
c++  -Wl,-U,__Z15vl_time_stamp64v,-U,__Z13sc_time_stampv,-U,_vlog_startup_routines   -rdynamic verilator.o verilated.o verilated_dpi.o verilated_vpi.o verilated_threads.o Vtop__ALL.a   -Wl,-rpath,/Users/Dilan/Projects/from-rtl-to-pixels/.venv/lib/python3.14/site-packages/cocotb/libs -L/Users/Dilan/Projects/from-rtl-to-pixels/.venv/lib/python3.14/site-packages/cocotb/libs -lcocotbvpi_verilator  -pthread -lpthread -ldl   -o Vtop
rm Vtop__ALL.verilator_deplist.tmp
rm -f /var/folders/78/xn7s20w54m75pf1x_198zh980000gn/T/tmp.F7hedz72wO/results.xml
COCOTB_TEST_MODULES=test_apb_regs COCOTB_TESTCASE=  COCOTB_TOPLEVEL=apb_regs TOPLEVEL_LANG=verilog       \
         /var/folders/78/xn7s20w54m75pf1x_198zh980000gn/T/tmp.F7hedz72wO/Vtop
     -.--ns INFO     gpi                                ../gpi/GpiCommon.cpp:242  in gpi_load_users                  Loaded entry library: '/Library/Frameworks/Python.framework/Versions/3.14/Python'
     -.--ns INFO     gpi                                ../gpi/GpiCommon.cpp:234  in gpi_load_users                  Running entry func 'initialize' from loaded library '/Users/Dilan/Projects/from-rtl-to-pixels/.venv/lib/python3.14/site-packages/cocotb/simulator.cpython-314-darwin.so'
     -.--ns INFO     pygpi                              ..ib/pygpi/embed.cpp:115  in initialize                      Using Python 3.14.6 interpreter at /Users/Dilan/Projects/from-rtl-to-pixels/.venv/bin/python
     -.--ns INFO     gpi                                ../gpi/GpiCommon.cpp:74   in gpi_print_registered_impl       GPI: VPI support registered
     0.00ns INFO     cocotb.initialize                  Seeding Python random module with 1789833825
     0.00ns INFO     cocotb.initialize                  Initialized cocotb v2.1.0 from /Users/Dilan/Projects/from-rtl-to-pixels/.venv/lib/python3.14/site-packages/cocotb
     0.00ns INFO     cocotb.initialize                  Running on Verilator version 5.052 2026-09-05
     0.00ns INFO     cocotb.regression                  Running tests
     0.00ns INFO     cocotb.regression                  running test_apb_regs.reset_defaults_and_valid_reads (1/7)
    92.00ns INFO     cocotb.regression                  test_apb_regs.reset_defaults_and_valid_reads passed
    92.00ns INFO     cocotb.regression                  running test_apb_regs.valid_writes_shadow_then_sof_updates_active (2/7)
   244.00ns INFO     cocotb.regression                  test_apb_regs.valid_writes_shadow_then_sof_updates_active passed
   244.00ns INFO     cocotb.regression                  running test_apb_regs.simultaneous_config_write_and_sof_uses_preedge_shadow (3/7)
   456.00ns INFO     cocotb.regression                  test_apb_regs.simultaneous_config_write_and_sof_uses_preedge_shadow passed
   456.00ns INFO     cocotb.regression                  running test_apb_regs.busy_draining_and_run_enable_storage (4/7)
   598.00ns INFO     cocotb.regression                  test_apb_regs.busy_draining_and_run_enable_storage passed
   598.00ns INFO     cocotb.regression                  running test_apb_regs.invalid_and_misaligned_accesses_error_without_side_effect (5/7)
   800.00ns INFO     cocotb.regression                  test_apb_regs.invalid_and_misaligned_accesses_error_without_side_effect passed
   800.00ns INFO     cocotb.regression                  running test_apb_regs.frame_error_is_sticky_w1c_and_set_wins (6/7)
  1012.00ns INFO     cocotb.regression                  test_apb_regs.frame_error_is_sticky_w1c_and_set_wins passed
  1012.00ns INFO     cocotb.regression                  running test_apb_regs.frame_count_increments_and_wraps (7/7)
  1164.01ns INFO     cocotb.regression                  test_apb_regs.frame_count_increments_and_wraps passed
  1164.01ns INFO     cocotb.regression                  *********************************************************************************************************************************
                                                        ** TEST                                                                     STATUS  SIM TIME (ns)  REAL TIME (s)  RATIO (ns/s) **
                                                        *********************************************************************************************************************************
                                                        ** test_apb_regs.reset_defaults_and_valid_reads                              PASS          92.00           0.00     196668.61  **
                                                        ** test_apb_regs.valid_writes_shadow_then_sof_updates_active                 PASS         152.00           0.00     506173.99  **
                                                        ** test_apb_regs.simultaneous_config_write_and_sof_uses_preedge_shadow       PASS         212.00           0.00     655415.37  **
                                                        ** test_apb_regs.busy_draining_and_run_enable_storage                        PASS         142.00           0.00     618512.69  **
                                                        ** test_apb_regs.invalid_and_misaligned_accesses_error_without_side_effect   PASS         202.00           0.00     699870.08  **
                                                        ** test_apb_regs.frame_error_is_sticky_w1c_and_set_wins                      PASS         212.00           0.00     690645.98  **
                                                        ** test_apb_regs.frame_count_increments_and_wraps                            PASS         152.00           0.00     652710.68  **
                                                        *********************************************************************************************************************************
                                                        ** TESTS=7 PASS=7 FAIL=0 SKIP=0                                                          1164.01           0.00     330503.53  **
                                                        *********************************************************************************************************************************
- :0: Verilog $finish

exit_code=0
Temporary build/results directory deleted.
