

Info: Logic utilisation before packing:
Info:     Total LUT4s:       891/43848     2%
Info:         logic LUTs:    665/43848     1%
Info:         carry LUTs:    226/43848     0%
Info:           RAM LUTs:      0/ 5481     0%
Info:          RAMW LUTs:      0/10962     0%

Info:      Total DFFs:       194/43848     0%

Info: Packing IOs..
Info: Packing constants..
Info: Packing carries...
Info: Packing LUTs...
Info: Packing LUT5-7s...
Info: Packing FFs...
Info:     164 FFs paired with LUTs.
Info: Generating derived timing constraints...
Info: Promoting globals...
Info:     promoting clock net clk$TRELLIS_IO_IN to global network
Info: Checksum: 0x655dd97c

Info: Device utilisation:
Info: 	          TRELLIS_IO:     119/    245    48%
Info: 	                DCCA:       1/     56     1%
Info: 	              DP16KD:       2/    108     1%
Info: 	          MULT18X18D:       3/     72     4%
Info: 	              ALU54B:       0/     36     0%
Info: 	             EHXPLLL:       0/      4     0%
Info: 	             EXTREFB:       0/      2     0%
Info: 	                DCUA:       0/      2     0%
Info: 	           PCSCLKDIV:       0/      2     0%
Info: 	             IOLOGIC:       0/    160     0%
Info: 	            SIOLOGIC:       0/     85     0%
Info: 	                 GSR:       0/      1     0%
Info: 	               JTAGG:       0/      1     0%
Info: 	                OSCG:       0/      1     0%
Info: 	               SEDGA:       0/      1     0%
Info: 	                 DTR:       0/      1     0%
Info: 	             USRMCLK:       0/      1     0%
Info: 	             CLKDIVF:       0/      4     0%
Info: 	           ECLKSYNCB:       0/     10     0%
Info: 	             DLLDELD:       0/      8     0%
Info: 	              DDRDLL:       0/      4     0%
Info: 	             DQSBUFM:       0/     10     0%
Info: 	     TRELLIS_ECLKBUF:       0/      8     0%
Info: 	        ECLKBRIDGECS:       0/      2     0%
Info: 	                DCSC:       0/      2     0%
Info: 	          TRELLIS_FF:     194/  43848     0%
Info: 	        TRELLIS_COMB:     965/  43848     2%
Info: 	        TRELLIS_RAMW:       0/   5481     0%

Info: Placed 0 cells based on constraints.
Info: Creating initial analytic placement for 570 cells, random placement wirelen = 64202.
Info:     at initial placer iter 0, wirelen = 6844
Info:     at initial placer iter 1, wirelen = 6297
Info:     at initial placer iter 2, wirelen = 6171
Info:     at initial placer iter 3, wirelen = 6043
Info: Running main analytical placer, max placement attempts per cell = 206082.
Info:     at iteration #1, type ALL: wirelen solved = 6046, spread = 10937, legal = 11567; time = 0.01s
Info:     at iteration #2, type ALL: wirelen solved = 6145, spread = 9927, legal = 10642; time = 0.01s
Info:     at iteration #3, type ALL: wirelen solved = 6139, spread = 9559, legal = 9662; time = 0.01s
Info:     at iteration #4, type ALL: wirelen solved = 6339, spread = 9471, legal = 10202; time = 0.01s
Info:     at iteration #5, type ALL: wirelen solved = 6352, spread = 9201, legal = 9926; time = 0.01s
Info:     at iteration #6, type ALL: wirelen solved = 6406, spread = 9018, legal = 9501; time = 0.01s
Info:     at iteration #7, type ALL: wirelen solved = 6458, spread = 8990, legal = 9571; time = 0.01s
Info:     at iteration #8, type ALL: wirelen solved = 6575, spread = 8878, legal = 9302; time = 0.01s
Info:     at iteration #9, type ALL: wirelen solved = 6668, spread = 9214, legal = 9592; time = 0.01s
Info:     at iteration #10, type ALL: wirelen solved = 6916, spread = 9013, legal = 9423; time = 0.01s
Info:     at iteration #11, type ALL: wirelen solved = 6947, spread = 8929, legal = 9790; time = 0.01s
Info:     at iteration #12, type ALL: wirelen solved = 7069, spread = 8723, legal = 9618; time = 0.01s
Info:     at iteration #13, type ALL: wirelen solved = 7029, spread = 8901, legal = 9865; time = 0.01s
Info: HeAP Placer Time: 0.22s
Info:   of which solving equations: 0.12s
Info:   of which spreading cells: 0.03s
Info:   of which strict legalisation: 0.01s

Info: Running simulated annealing placer for refinement.
Info:   at iteration #1: temp = 0.000000, timing cost = 498, wirelen = 9302
Info:   at iteration #5: temp = 0.000000, timing cost = 363, wirelen = 7351
Info:   at iteration #10: temp = 0.000000, timing cost = 314, wirelen = 7142
Info:   at iteration #15: temp = 0.000000, timing cost = 294, wirelen = 7030
Info:   at iteration #18: temp = 0.000000, timing cost = 296, wirelen = 7014 
Info: SA placement time 0.56s

Info: Max frequency for clock '$glbnet$clk$TRELLIS_IO_IN': 36.47 MHz (PASS at 35.00 MHz)

Info: Max delay <async>                           -> <async>                          : 28.70 ns
Info: Max delay <async>                           -> posedge $glbnet$clk$TRELLIS_IO_IN: 34.44 ns
Info: Max delay posedge $glbnet$clk$TRELLIS_IO_IN -> <async>                          : 12.82 ns

Info: Slack histogram:
Info:  legend: * represents 1 endpoint(s)
Info:          + represents [1,1) endpoint(s)
Info: [  1148,   2482) |****+
Info: [  2482,   3816) | 
Info: [  3816,   5150) |+
Info: [  5150,   6484) | 
Info: [  6484,   7818) | 
Info: [  7818,   9152) | 
Info: [  9152,  10486) | 
Info: [ 10486,  11820) | 
Info: [ 11820,  13154) | 
Info: [ 13154,  14488) | 
Info: [ 14488,  15822) | 
Info: [ 15822,  17156) |*****+
Info: [ 17156,  18490) |******+
Info: [ 18490,  19824) |********************************+
Info: [ 19824,  21158) |***********************************************************+
Info: [ 21158,  22492) |*************************************************+
Info: [ 22492,  23826) |************************+
Info: [ 23826,  25160) |********************************************+
Info: [ 25160,  26494) |************************************************************ 
Info: [ 26494,  27828) |************+
Info: Checksum: 0xba3c0cde
Info: Routing globals...
Info:     routing clock net $glbnet$clk$TRELLIS_IO_IN using global 0

Info: Routing..
Info: Setting up routing queue.
Info: Routing 3357 arcs.
Info:            |   (re-)routed arcs  |   delta    | remaining|       time spent     |
Info:    IterCnt |  w/ripup   wo/ripup |  w/r  wo/r |      arcs| batch(sec) total(sec)|
Info:       1000 |      343        656 |  343   656 |      2741|       0.13       0.13|
Info:       2000 |      745       1203 |  402   547 |      2177|       0.10       0.23|
Info:       3000 |     1254       1619 |  509   416 |      1703|       0.10       0.33|
Info:       4000 |     1299       2518 |   45   899 |       748|       0.10       0.43|
Info:       4784 |     1334       3199 |   35   681 |         0|       0.19       0.62|
Info: Routing complete.
Info: Router1 time 0.62s
Info: Checksum: 0x3e5fc2b2

Info: Critical path report for clock '$glbnet$clk$TRELLIS_IO_IN' (posedge -> posedge):
Info:       type curr  total name
Info:   clk-to-q  5.83  5.83 Source u_line_buffer.line1_mem.0.0.DOB1
Info:    routing  0.75  6.58 Net u_line_buffer.line1_mem.0.0_DOB1[2] (24,10) -> (21,11)
Info:                          Sink u_line_buffer.line1_mem.0.0_DOB1_LUT4_D.D
Info:                          Defined in:
Info:                               /Users/Dilan/.local/share/from-rtl-to-pixels/oss-cad-suite-20260920/libexec/../share/yosys/lattice/cells_map_trellis.v:108.23-108.24
Info:      logic  0.24  6.81 Source u_line_buffer.line1_mem.0.0_DOB1_LUT4_D.F
Info:    routing  0.48  7.30 Net u_line_buffer.line1_mem.0.0_DOB1_LUT4_D_Z[2] (21,11) -> (21,13)
Info:                          Sink u_line_buffer.line1_mem.0.0_DOB1_LUT4_D_Z_LUT4_C.C
Info:                          Defined in:
Info:                               /Users/Dilan/.local/share/from-rtl-to-pixels/oss-cad-suite-20260920/libexec/../share/yosys/lattice/cells_map_trellis.v:108.23-108.24
Info:      logic  0.24  7.53 Source u_line_buffer.line1_mem.0.0_DOB1_LUT4_D_Z_LUT4_C.F
Info:    routing  0.00  7.53 Net u_line_buffer.line1_mem.0.0_DOB1_LUT4_D_Z_LUT4_C_Z (21,13) -> (21,13)
Info:                          Sink u_line_buffer.line1_mem.0.0_DOB1_LUT4_D_Z_LUT4_C_Z_PFUMX_ALUT_BLUT_LUT4_Z.F1
Info:                          Defined in:
Info:                               /Users/Dilan/.local/share/from-rtl-to-pixels/oss-cad-suite-20260920/libexec/../share/yosys/lattice/cells_map_trellis.v:141.30-141.32
Info:      logic  0.17  7.70 Source u_line_buffer.line1_mem.0.0_DOB1_LUT4_D_Z_LUT4_C_Z_PFUMX_ALUT_BLUT_LUT4_Z.OFX
Info:    routing  0.00  7.70 Net u_line_buffer.line1_mem.0.0_DOB1_LUT4_D_Z_LUT4_C_Z_PFUMX_ALUT_Z (21,13) -> (21,13)
Info:                          Sink u_line_buffer.line1_mem.0.0_DOB1_LUT4_D_Z_LUT4_C.FXB
Info:                          Defined in:
Info:                               /Users/Dilan/.local/share/from-rtl-to-pixels/oss-cad-suite-20260920/libexec/../share/yosys/lattice/cells_map_trellis.v:141.38-141.40
Info:      logic  0.24  7.94 Source u_line_buffer.line1_mem.0.0_DOB1_LUT4_D_Z_LUT4_C.OFX
Info:    routing  0.75  8.69 Net u_line_buffer.line1_mem.0.0_DOB1_LUT4_D_Z_LUT4_C_Z_PFUMX_ALUT_Z_L6MUX21_D1_Z[5] (21,13) -> (20,12)
Info:                          Sink u_line_buffer.line1_mem.0.0_DOB1_LUT4_D_Z_LUT4_C_Z_PFUMX_ALUT_Z_L6MUX21_D1_Z_LUT4_B_Z_PFUMX_Z_BLUT_LUT4_Z_D_L6MUX21_Z_D1_L6MUX21_Z_D1_PFUMX_Z_ALUT_LUT4_Z.M
Info:                          Defined in:
Info:                               /Users/Dilan/.local/share/from-rtl-to-pixels/oss-cad-suite-20260920/libexec/../share/yosys/lattice/cells_map_trellis.v:108.23-108.24
Info:      logic  0.26  8.95 Source u_line_buffer.line1_mem.0.0_DOB1_LUT4_D_Z_LUT4_C_Z_PFUMX_ALUT_Z_L6MUX21_D1_Z_LUT4_B_Z_PFUMX_Z_BLUT_LUT4_Z_D_L6MUX21_Z_D1_L6MUX21_Z_D1_PFUMX_Z_ALUT_LUT4_Z.OFX
Info:    routing  0.00  8.95 Net u_line_buffer.line1_mem.0.0_DOB1_LUT4_D_Z_LUT4_C_Z_PFUMX_ALUT_Z_L6MUX21_D1_Z_LUT4_B_Z_PFUMX_Z_BLUT_LUT4_Z_D_L6MUX21_Z_D1 (20,12) -> (20,12)
Info:                          Sink u_line_buffer.line1_mem.0.0_DOB1_LUT4_D_Z_LUT4_C_Z_PFUMX_ALUT_Z_L6MUX21_D1_Z_LUT4_B_Z_PFUMX_Z_BLUT_LUT4_Z_D_L6MUX21_Z_D1_L6MUX21_Z_D0_PFUMX_Z_ALUT_LUT4_Z.FXB
Info:                          Defined in:
Info:                               /Users/Dilan/.local/share/from-rtl-to-pixels/oss-cad-suite-20260920/libexec/../share/yosys/lattice/cells_map_trellis.v:157.70-157.72
Info:      logic  0.24  9.19 Source u_line_buffer.line1_mem.0.0_DOB1_LUT4_D_Z_LUT4_C_Z_PFUMX_ALUT_Z_L6MUX21_D1_Z_LUT4_B_Z_PFUMX_Z_BLUT_LUT4_Z_D_L6MUX21_Z_D1_L6MUX21_Z_D0_PFUMX_Z_ALUT_LUT4_Z.OFX
Info:    routing  0.48  9.67 Net u_line_buffer.line1_mem.0.0_DOB1_LUT4_D_Z_LUT4_C_Z_PFUMX_ALUT_Z_L6MUX21_D1_Z_LUT4_B_Z_PFUMX_Z_BLUT_LUT4_Z_D[3] (20,12) -> (20,13)
Info:                          Sink u_line_buffer.line1_mem.0.0_DOB1_LUT4_D_Z_LUT4_C_Z_PFUMX_ALUT_Z_L6MUX21_D1_Z_LUT4_B_Z_PFUMX_Z_ALUT_LUT4_Z.D
Info:                          Defined in:
Info:                               /Users/Dilan/.local/share/from-rtl-to-pixels/oss-cad-suite-20260920/libexec/../share/yosys/lattice/cells_map_trellis.v:108.23-108.24
Info:      logic  0.24  9.91 Source u_line_buffer.line1_mem.0.0_DOB1_LUT4_D_Z_LUT4_C_Z_PFUMX_ALUT_Z_L6MUX21_D1_Z_LUT4_B_Z_PFUMX_Z_ALUT_LUT4_Z.F
Info:    routing  0.00  9.91 Net u_line_buffer.line1_mem.0.0_DOB1_LUT4_D_Z_LUT4_C_Z_PFUMX_ALUT_Z_L6MUX21_D1_Z_LUT4_B_Z_PFUMX_Z_ALUT (20,13) -> (20,13)
Info:                          Sink u_line_buffer.line1_mem.0.0_DOB1_LUT4_D_Z_LUT4_C_Z_PFUMX_ALUT_Z_L6MUX21_D1_Z_LUT4_B_Z_PFUMX_Z_BLUT_LUT4_Z.F1
Info:                          Defined in:
Info:                               /Users/Dilan/.local/share/from-rtl-to-pixels/oss-cad-suite-20260920/libexec/../share/yosys/lattice/cells_map_trellis.v:133.22-133.24
Info:      logic  0.17  10.07 Source u_line_buffer.line1_mem.0.0_DOB1_LUT4_D_Z_LUT4_C_Z_PFUMX_ALUT_Z_L6MUX21_D1_Z_LUT4_B_Z_PFUMX_Z_BLUT_LUT4_Z.OFX
Info:    routing  0.69  10.76 Net u_line_buffer.line1_mem.0.0_DOB1_LUT4_D_Z_LUT4_C_Z_PFUMX_ALUT_Z_L6MUX21_D1_Z_LUT4_B_Z[4] (20,13) -> (19,14)
Info:                          Sink u_line_buffer.line1_mem.0.0_DOB1_LUT4_D_Z_LUT4_C_Z_PFUMX_ALUT_Z_L6MUX21_D1_Z_LUT4_B_Z_L6MUX21_Z_D1_PFUMX_Z_ALUT_LUT4_Z.M
Info:                          Defined in:
Info:                               /Users/Dilan/.local/share/from-rtl-to-pixels/oss-cad-suite-20260920/libexec/../share/yosys/lattice/cells_map_trellis.v:108.23-108.24
Info:      logic  0.26  11.01 Source u_line_buffer.line1_mem.0.0_DOB1_LUT4_D_Z_LUT4_C_Z_PFUMX_ALUT_Z_L6MUX21_D1_Z_LUT4_B_Z_L6MUX21_Z_D1_PFUMX_Z_ALUT_LUT4_Z.OFX
Info:    routing  0.60  11.61 Net u_line_buffer.line1_mem.0.0_DOB1_LUT4_D_Z_LUT4_C_Z_PFUMX_ALUT_Z_L6MUX21_D1_Z_LUT4_B_Z[0] (19,14) -> (20,14)
Info:                          Sink m_tdata_TRELLIS_FF_Q_1_DI_LUT4_Z_C_LUT4_Z_B_CCU2C_S1_B1_LUT4_Z_D_CCU2C_S1_CIN_CCU2C_COUT_S0_CCU2C_S0_CIN_CCU2C_COUT_CIN_CCU2C_COUT_CIN_CCU2C_COUT_B0_PFUMX_Z_ALUT_LUT4_Z.A
Info:                          Defined in:
Info:                               /Users/Dilan/.local/share/from-rtl-to-pixels/oss-cad-suite-20260920/libexec/../share/yosys/lattice/cells_map_trellis.v:108.23-108.24
Info:      logic  0.24  11.85 Source m_tdata_TRELLIS_FF_Q_1_DI_LUT4_Z_C_LUT4_Z_B_CCU2C_S1_B1_LUT4_Z_D_CCU2C_S1_CIN_CCU2C_COUT_S0_CCU2C_S0_CIN_CCU2C_COUT_CIN_CCU2C_COUT_CIN_CCU2C_COUT_B0_PFUMX_Z_ALUT_LUT4_Z.F
Info:    routing  0.00  11.85 Net m_tdata_TRELLIS_FF_Q_1_DI_LUT4_Z_C_LUT4_Z_B_CCU2C_S1_B1_LUT4_Z_D_CCU2C_S1_CIN_CCU2C_COUT_S0_CCU2C_S0_CIN_CCU2C_COUT_CIN_CCU2C_COUT_CIN_CCU2C_COUT_B0_PFUMX_Z_ALUT (20,14) -> (20,14)
Info:                          Sink m_tdata_TRELLIS_FF_Q_1_DI_LUT4_Z_C_LUT4_Z_B_CCU2C_S1_B1_LUT4_Z_D_CCU2C_S1_CIN_CCU2C_COUT_S0_CCU2C_S0_CIN_CCU2C_COUT_CIN_CCU2C_COUT_CIN_CCU2C_COUT_B0_PFUMX_Z_BLUT_LUT4_Z.F1
Info:                          Defined in:
Info:                               /Users/Dilan/.local/share/from-rtl-to-pixels/oss-cad-suite-20260920/libexec/../share/yosys/lattice/cells_map_trellis.v:133.22-133.24
Info:      logic  0.17  12.01 Source m_tdata_TRELLIS_FF_Q_1_DI_LUT4_Z_C_LUT4_Z_B_CCU2C_S1_B1_LUT4_Z_D_CCU2C_S1_CIN_CCU2C_COUT_S0_CCU2C_S0_CIN_CCU2C_COUT_CIN_CCU2C_COUT_CIN_CCU2C_COUT_B0_PFUMX_Z_BLUT_LUT4_Z.OFX
Info:    routing  1.03  13.04 Net m_tdata_TRELLIS_FF_Q_1_DI_LUT4_Z_C_LUT4_Z_B_CCU2C_S1_B1_LUT4_Z_D_CCU2C_S1_CIN_CCU2C_COUT_S0_CCU2C_S0_CIN_CCU2C_COUT_CIN_CCU2C_COUT_CIN_CCU2C_COUT_B0 (20,14) -> (21,16)
Info:                          Sink m_tdata_TRELLIS_FF_Q_1_DI_LUT4_Z_C_LUT4_Z_B_CCU2C_S1_B1_LUT4_Z_D_CCU2C_S1_CIN_CCU2C_COUT_S0_CCU2C_S0_CIN_CCU2C_COUT_CIN_CCU2C_COUT_CIN_CCU2C_COUT$CCU2_COMB0.B
Info:      logic  0.45  13.49 Source m_tdata_TRELLIS_FF_Q_1_DI_LUT4_Z_C_LUT4_Z_B_CCU2C_S1_B1_LUT4_Z_D_CCU2C_S1_CIN_CCU2C_COUT_S0_CCU2C_S0_CIN_CCU2C_COUT_CIN_CCU2C_COUT_CIN_CCU2C_COUT$CCU2_COMB0.FCO
Info:    routing  0.00  13.49 Net m_tdata_TRELLIS_FF_Q_1_DI_LUT4_Z_C_LUT4_Z_B_CCU2C_S1_B1_LUT4_Z_D_CCU2C_S1_CIN_CCU2C_COUT_S0_CCU2C_S0_CIN_CCU2C_COUT_CIN_CCU2C_COUT_CIN_CCU2C_COUT$CCU2_FCI_INT (21,16) -> (21,16)
Info:                          Sink m_tdata_TRELLIS_FF_Q_1_DI_LUT4_Z_C_LUT4_Z_B_CCU2C_S1_B1_LUT4_Z_D_CCU2C_S1_CIN_CCU2C_COUT_S0_CCU2C_S0_CIN_CCU2C_COUT_CIN_CCU2C_COUT_CIN_CCU2C_COUT$CCU2_COMB1.FCI
Info:      logic  0.40  13.89 Source m_tdata_TRELLIS_FF_Q_1_DI_LUT4_Z_C_LUT4_Z_B_CCU2C_S1_B1_LUT4_Z_D_CCU2C_S1_CIN_CCU2C_COUT_S0_CCU2C_S0_CIN_CCU2C_COUT_CIN_CCU2C_COUT_CIN_CCU2C_COUT$CCU2_COMB1.F
Info:    routing  0.74  14.64 Net m_tdata_TRELLIS_FF_Q_1_DI_LUT4_Z_C_LUT4_Z_B_CCU2C_S1_B1_LUT4_Z_D[0] (21,16) -> (20,17)
Info:                          Sink m_tdata_TRELLIS_FF_Q_1_DI_LUT4_Z_C_LUT4_Z_B_CCU2C_S1_B1_LUT4_Z_D_CCU2C_S1_B1_LUT4_Z.D
Info:                          Defined in:
Info:                               /Users/Dilan/.local/share/from-rtl-to-pixels/oss-cad-suite-20260920/libexec/../share/yosys/lattice/cells_map_trellis.v:108.23-108.24
Info:      logic  0.24  14.87 Source m_tdata_TRELLIS_FF_Q_1_DI_LUT4_Z_C_LUT4_Z_B_CCU2C_S1_B1_LUT4_Z_D_CCU2C_S1_B1_LUT4_Z.F
Info:    routing  0.86  15.74 Net m_tdata_TRELLIS_FF_Q_1_DI_LUT4_Z_C_LUT4_Z_B_CCU2C_S1_B1_LUT4_Z_D_CCU2C_S1_B1 (20,17) -> (21,17)
Info:                          Sink m_tdata_TRELLIS_FF_Q_1_DI_LUT4_Z_C_LUT4_Z_B_CCU2C_S1_B1_LUT4_Z_D_CCU2C_S1$CCU2_COMB1.B
Info:      logic  0.45  16.18 Source m_tdata_TRELLIS_FF_Q_1_DI_LUT4_Z_C_LUT4_Z_B_CCU2C_S1_B1_LUT4_Z_D_CCU2C_S1$CCU2_COMB1.FCO
Info:    routing  0.00  16.18 Net m_tdata_TRELLIS_FF_Q_1_DI_LUT4_Z_C_LUT4_Z_B_CCU2C_S1_B1_LUT4_Z_D_CCU2C_S1_COUT (21,17) -> (22,17)
Info:                          Sink m_tdata_TRELLIS_FF_Q_1_DI_LUT4_Z_C_LUT4_Z_B_CCU2C_S1_COUT_CCU2C_CIN_B1_LUT4_Z_D_CCU2C_S1$CCU2_COMB0.FCI
Info:                          Defined in:
Info:                               rtl/magnitude_clamp.sv:19.22-19.43
Info:                               /Users/Dilan/.local/share/from-rtl-to-pixels/oss-cad-suite-20260920/libexec/../share/yosys/lattice/arith_map_ccu2c.v:74.7-80.4
Info:                               /Users/Dilan/.local/share/from-rtl-to-pixels/oss-cad-suite-20260920/libexec/../share/yosys/lattice/ccu2c_sim.vh:9.9-9.13
Info:      logic  0.07  16.25 Source m_tdata_TRELLIS_FF_Q_1_DI_LUT4_Z_C_LUT4_Z_B_CCU2C_S1_COUT_CCU2C_CIN_B1_LUT4_Z_D_CCU2C_S1$CCU2_COMB0.FCO
Info:    routing  0.00  16.25 Net m_tdata_TRELLIS_FF_Q_1_DI_LUT4_Z_C_LUT4_Z_B_CCU2C_S1_COUT_CCU2C_CIN_B1_LUT4_Z_D_CCU2C_S1$CCU2_FCI_INT (22,17) -> (22,17)
Info:                          Sink m_tdata_TRELLIS_FF_Q_1_DI_LUT4_Z_C_LUT4_Z_B_CCU2C_S1_COUT_CCU2C_CIN_B1_LUT4_Z_D_CCU2C_S1$CCU2_COMB1.FCI
Info:      logic  0.40  16.66 Source m_tdata_TRELLIS_FF_Q_1_DI_LUT4_Z_C_LUT4_Z_B_CCU2C_S1_COUT_CCU2C_CIN_B1_LUT4_Z_D_CCU2C_S1$CCU2_COMB1.F
Info:    routing  0.88  17.53 Net m_tdata_TRELLIS_FF_Q_1_DI_LUT4_Z_C_LUT4_Z_B_CCU2C_S1_COUT_CCU2C_CIN_B1_LUT4_Z_D[2] (22,17) -> (22,19)
Info:                          Sink m_tdata_TRELLIS_FF_Q_1_DI_LUT4_Z_C_LUT4_Z_B_CCU2C_S1_COUT_CCU2C_CIN_B1_LUT4_Z.D
Info:                          Defined in:
Info:                               /Users/Dilan/.local/share/from-rtl-to-pixels/oss-cad-suite-20260920/libexec/../share/yosys/lattice/cells_map_trellis.v:108.23-108.24
Info:      logic  0.24  17.77 Source m_tdata_TRELLIS_FF_Q_1_DI_LUT4_Z_C_LUT4_Z_B_CCU2C_S1_COUT_CCU2C_CIN_B1_LUT4_Z.F
Info:    routing  0.85  18.62 Net m_tdata_TRELLIS_FF_Q_1_DI_LUT4_Z_C_LUT4_Z_B_CCU2C_S1_COUT_CCU2C_CIN_B1 (22,19) -> (21,19)
Info:                          Sink m_tdata_TRELLIS_FF_Q_1_DI_LUT4_Z_C_LUT4_Z_B_CCU2C_S1_COUT_CCU2C_CIN$CCU2_COMB1.B
Info:      logic  0.45  19.07 Source m_tdata_TRELLIS_FF_Q_1_DI_LUT4_Z_C_LUT4_Z_B_CCU2C_S1_COUT_CCU2C_CIN$CCU2_COMB1.FCO
Info:    routing  0.00  19.07 Net m_tdata_TRELLIS_FF_Q_1_DI_LUT4_Z_C_LUT4_Z_B_CCU2C_S1_COUT_CCU2C_CIN_COUT (21,19) -> (21,19)
Info:                          Sink m_tdata_TRELLIS_FF_Q_1_DI_LUT4_Z_C_LUT4_Z_B_CCU2C_S1_COUT_CCU2C_CIN_COUT_CCU2C_CIN$CCU2_COMB0.FCI
Info:                          Defined in:
Info:                               rtl/magnitude_clamp.sv:28.25-28.40
Info:                               /Users/Dilan/.local/share/from-rtl-to-pixels/oss-cad-suite-20260920/libexec/../share/yosys/lattice/arith_map_ccu2c.v:74.7-80.4
Info:                               /Users/Dilan/.local/share/from-rtl-to-pixels/oss-cad-suite-20260920/libexec/../share/yosys/lattice/ccu2c_sim.vh:9.9-9.13
Info:      logic  0.44  19.51 Source m_tdata_TRELLIS_FF_Q_1_DI_LUT4_Z_C_LUT4_Z_B_CCU2C_S1_COUT_CCU2C_CIN_COUT_CCU2C_CIN$CCU2_COMB0.F
Info:    routing  1.08  20.60 Net m_tdata_TRELLIS_FF_Q_1_DI_LUT4_Z_C_LUT4_Z_B_CCU2C_S1_COUT_CCU2C_CIN_COUT_CCU2C_CIN_S0 (21,19) -> (19,19)
Info:                          Sink m_tdata_TRELLIS_FF_Q_1_DI_LUT4_Z_C_LUT4_Z_B_CCU2C_S1_COUT_CCU2C_CIN_COUT_CCU2C_CIN_S1_CCU2C_A1$CCU2_COMB0.A
Info:      logic  0.45  21.04 Source m_tdata_TRELLIS_FF_Q_1_DI_LUT4_Z_C_LUT4_Z_B_CCU2C_S1_COUT_CCU2C_CIN_COUT_CCU2C_CIN_S1_CCU2C_A1$CCU2_COMB0.FCO
Info:    routing  0.00  21.04 Net m_tdata_TRELLIS_FF_Q_1_DI_LUT4_Z_C_LUT4_Z_B_CCU2C_S1_COUT_CCU2C_CIN_COUT_CCU2C_CIN_S1_CCU2C_A1$CCU2_FCI_INT (19,19) -> (19,19)
Info:                          Sink m_tdata_TRELLIS_FF_Q_1_DI_LUT4_Z_C_LUT4_Z_B_CCU2C_S1_COUT_CCU2C_CIN_COUT_CCU2C_CIN_S1_CCU2C_A1$CCU2_COMB1.FCI
Info:      logic  0.00  21.04 Source m_tdata_TRELLIS_FF_Q_1_DI_LUT4_Z_C_LUT4_Z_B_CCU2C_S1_COUT_CCU2C_CIN_COUT_CCU2C_CIN_S1_CCU2C_A1$CCU2_COMB1.FCO
Info:    routing  0.00  21.04 Net $nextpnr_CCU2C_25$CIN (19,19) -> (19,19)
Info:                          Sink $nextpnr_CCU2C_25$CCU2_COMB0.FCI
Info:      logic  0.44  21.49 Source $nextpnr_CCU2C_25$CCU2_COMB0.F
Info:    routing  0.71  22.20 Net m_tdata_TRELLIS_FF_Q_1_DI_LUT4_Z_C_LUT4_Z_B[2] (19,19) -> (19,18)
Info:                          Sink m_tdata_TRELLIS_FF_Q_5_DI_LUT4_Z.D
Info:                          Defined in:
Info:                               /Users/Dilan/.local/share/from-rtl-to-pixels/oss-cad-suite-20260920/libexec/../share/yosys/lattice/cells_map_trellis.v:108.23-108.24
Info:      logic  0.24  22.43 Source m_tdata_TRELLIS_FF_Q_5_DI_LUT4_Z.F
Info:    routing  1.09  23.52 Net m_tdata_TRELLIS_FF_Q_5_DI (19,18) -> (19,20)
Info:                          Sink m_tdata_TRELLIS_FF_Q_5_DI_CCU2C_A0$CCU2_COMB0.A
Info:      logic  0.45  23.97 Source m_tdata_TRELLIS_FF_Q_5_DI_CCU2C_A0$CCU2_COMB0.FCO
Info:    routing  0.00  23.97 Net m_tdata_TRELLIS_FF_Q_5_DI_CCU2C_A0$CCU2_FCI_INT (19,20) -> (19,20)
Info:                          Sink m_tdata_TRELLIS_FF_Q_5_DI_CCU2C_A0$CCU2_COMB1.FCI
Info:      logic  0.00  23.97 Source m_tdata_TRELLIS_FF_Q_5_DI_CCU2C_A0$CCU2_COMB1.FCO
Info:    routing  0.00  23.97 Net m_tdata_TRELLIS_FF_Q_5_DI_CCU2C_A0_COUT (19,20) -> (19,20)
Info:                          Sink m_tdata_TRELLIS_FF_Q_5_DI_CCU2C_A0_COUT_CCU2C_CIN$CCU2_COMB0.FCI
Info:                          Defined in:
Info:                               rtl/threshold_stage.sv:12.22-12.47
Info:                               /Users/Dilan/.local/share/from-rtl-to-pixels/oss-cad-suite-20260920/libexec/../share/yosys/lattice/arith_map_ccu2c.v:74.7-80.4
Info:                               /Users/Dilan/.local/share/from-rtl-to-pixels/oss-cad-suite-20260920/libexec/../share/yosys/lattice/ccu2c_sim.vh:9.9-9.13
Info:      logic  0.07  24.04 Source m_tdata_TRELLIS_FF_Q_5_DI_CCU2C_A0_COUT_CCU2C_CIN$CCU2_COMB0.FCO
Info:    routing  0.00  24.04 Net m_tdata_TRELLIS_FF_Q_5_DI_CCU2C_A0_COUT_CCU2C_CIN$CCU2_FCI_INT (19,20) -> (19,20)
Info:                          Sink m_tdata_TRELLIS_FF_Q_5_DI_CCU2C_A0_COUT_CCU2C_CIN$CCU2_COMB1.FCI
Info:      logic  0.00  24.04 Source m_tdata_TRELLIS_FF_Q_5_DI_CCU2C_A0_COUT_CCU2C_CIN$CCU2_COMB1.FCO
Info:    routing  0.00  24.04 Net m_tdata_TRELLIS_FF_Q_5_DI_CCU2C_A0_COUT_CCU2C_CIN_COUT (19,20) -> (19,20)
Info:                          Sink m_tdata_TRELLIS_FF_Q_5_DI_CCU2C_A0_COUT_CCU2C_CIN_COUT_CCU2C_CIN$CCU2_COMB0.FCI
Info:                          Defined in:
Info:                               rtl/threshold_stage.sv:12.22-12.47
Info:                               /Users/Dilan/.local/share/from-rtl-to-pixels/oss-cad-suite-20260920/libexec/../share/yosys/lattice/arith_map_ccu2c.v:74.7-80.4
Info:                               /Users/Dilan/.local/share/from-rtl-to-pixels/oss-cad-suite-20260920/libexec/../share/yosys/lattice/ccu2c_sim.vh:9.9-9.13
Info:      logic  0.07  24.11 Source m_tdata_TRELLIS_FF_Q_5_DI_CCU2C_A0_COUT_CCU2C_CIN_COUT_CCU2C_CIN$CCU2_COMB0.FCO
Info:    routing  0.00  24.11 Net m_tdata_TRELLIS_FF_Q_5_DI_CCU2C_A0_COUT_CCU2C_CIN_COUT_CCU2C_CIN$CCU2_FCI_INT (19,20) -> (19,20)
Info:                          Sink m_tdata_TRELLIS_FF_Q_5_DI_CCU2C_A0_COUT_CCU2C_CIN_COUT_CCU2C_CIN$CCU2_COMB1.FCI
Info:      logic  0.00  24.11 Source m_tdata_TRELLIS_FF_Q_5_DI_CCU2C_A0_COUT_CCU2C_CIN_COUT_CCU2C_CIN$CCU2_COMB1.FCO
Info:    routing  0.00  24.11 Net m_tdata_TRELLIS_FF_Q_5_DI_CCU2C_A0_COUT_CCU2C_CIN_COUT_CCU2C_CIN_COUT (19,20) -> (20,20)
Info:                          Sink m_tdata_TRELLIS_FF_Q_5_DI_CCU2C_A0_COUT_CCU2C_CIN_COUT_CCU2C_CIN_COUT_CCU2C_CIN$CCU2_COMB0.FCI
Info:                          Defined in:
Info:                               rtl/threshold_stage.sv:12.22-12.47
Info:                               /Users/Dilan/.local/share/from-rtl-to-pixels/oss-cad-suite-20260920/libexec/../share/yosys/lattice/arith_map_ccu2c.v:74.7-80.4
Info:                               /Users/Dilan/.local/share/from-rtl-to-pixels/oss-cad-suite-20260920/libexec/../share/yosys/lattice/ccu2c_sim.vh:9.9-9.13
Info:      logic  0.07  24.18 Source m_tdata_TRELLIS_FF_Q_5_DI_CCU2C_A0_COUT_CCU2C_CIN_COUT_CCU2C_CIN_COUT_CCU2C_CIN$CCU2_COMB0.FCO
Info:    routing  0.00  24.18 Net m_tdata_TRELLIS_FF_Q_5_DI_CCU2C_A0_COUT_CCU2C_CIN_COUT_CCU2C_CIN_COUT_CCU2C_CIN$CCU2_FCI_INT (20,20) -> (20,20)
Info:                          Sink m_tdata_TRELLIS_FF_Q_5_DI_CCU2C_A0_COUT_CCU2C_CIN_COUT_CCU2C_CIN_COUT_CCU2C_CIN$CCU2_COMB1.FCI
Info:      logic  0.00  24.18 Source m_tdata_TRELLIS_FF_Q_5_DI_CCU2C_A0_COUT_CCU2C_CIN_COUT_CCU2C_CIN_COUT_CCU2C_CIN$CCU2_COMB1.FCO
Info:    routing  0.00  24.18 Net $nextpnr_CCU2C_23$CIN (20,20) -> (20,20)
Info:                          Sink $nextpnr_CCU2C_23$CCU2_COMB0.FCI
Info:      logic  0.44  24.62 Source $nextpnr_CCU2C_23$CCU2_COMB0.F
Info:    routing  0.74  25.36 Net m_tdata_TRELLIS_FF_Q_1_DI_LUT4_Z_C[2] (20,20) -> (20,18)
Info:                          Sink m_tdata_TRELLIS_FF_Q_2_DI_LUT4_Z.D
Info:                          Defined in:
Info:                               /Users/Dilan/.local/share/from-rtl-to-pixels/oss-cad-suite-20260920/libexec/../share/yosys/lattice/cells_map_trellis.v:108.23-108.24
Info:      logic  0.24  25.60 Source m_tdata_TRELLIS_FF_Q_2_DI_LUT4_Z.F
Info:    routing  0.13  25.73 Net m_tdata_TRELLIS_FF_Q_2_DI (20,18) -> (20,18)
Info:                          Sink m_tdata_TRELLIS_FF_Q_2.DI
Info:      setup  0.00  25.73 Source m_tdata_TRELLIS_FF_Q_2.DI
Info: 13.86 ns logic, 11.87 ns routing

Info: Critical path report for cross-domain path '<async>' -> '<async>':
Info:       type curr  total name
Info:     source  0.00  0.00 Source paddr[4]$tr_io.O
Info:    routing  5.57  5.57 Net paddr[4]$TRELLIS_IO_IN (0,41) -> (88,35)
Info:                          Sink pwrite_LUT4_B_Z_LUT4_Z_D_LUT4_Z_D_LUT4_Z.D
Info:                          Defined in:
Info:                               rtl/apb_regs.sv:8.25-8.30
Info:      logic  0.24  5.81 Source pwrite_LUT4_B_Z_LUT4_Z_D_LUT4_Z_D_LUT4_Z.F
Info:    routing  4.17  9.98 Net pwrite_LUT4_B_Z_LUT4_Z_D_LUT4_Z_D[1] (88,35) -> (20,29)
Info:                          Sink pwrite_LUT4_B_Z_LUT4_Z_D_LUT4_Z_D_LUT4_D.D
Info:                          Defined in:
Info:                               /Users/Dilan/.local/share/from-rtl-to-pixels/oss-cad-suite-20260920/libexec/../share/yosys/lattice/cells_map_trellis.v:108.23-108.24
Info:      logic  0.24  10.21 Source pwrite_LUT4_B_Z_LUT4_Z_D_LUT4_Z_D_LUT4_D.F
Info:    routing  0.90  11.12 Net pwrite_LUT4_B_Z_LUT4_Z_D_LUT4_Z_D_LUT4_D_Z[3] (20,29) -> (20,28)
Info:                          Sink pwrite_LUT4_B_Z_LUT4_Z_D_LUT4_Z_D_LUT4_D_Z_LUT4_D.D
Info:                          Defined in:
Info:                               /Users/Dilan/.local/share/from-rtl-to-pixels/oss-cad-suite-20260920/libexec/../share/yosys/lattice/cells_map_trellis.v:108.23-108.24
Info:      logic  0.24  11.35 Source pwrite_LUT4_B_Z_LUT4_Z_D_LUT4_Z_D_LUT4_D_Z_LUT4_D.F
Info:    routing  1.53  12.88 Net prdata_LUT4_Z_26_D[1] (20,28) -> (17,21)
Info:                          Sink prdata_LUT4_Z_11_D_LUT4_Z.C
Info:                          Defined in:
Info:                               /Users/Dilan/.local/share/from-rtl-to-pixels/oss-cad-suite-20260920/libexec/../share/yosys/lattice/cells_map_trellis.v:108.23-108.24
Info:      logic  0.24  13.12 Source prdata_LUT4_Z_11_D_LUT4_Z.F
Info:    routing  1.03  14.15 Net prdata_LUT4_Z_11_D[3] (17,21) -> (19,21)
Info:                          Sink prdata_LUT4_Z_11.D
Info:                          Defined in:
Info:                               /Users/Dilan/.local/share/from-rtl-to-pixels/oss-cad-suite-20260920/libexec/../share/yosys/lattice/cells_map_trellis.v:108.23-108.24
Info:      logic  0.24  14.38 Source prdata_LUT4_Z_11.F
Info:    routing  4.36  18.75 Net prdata[1]$TRELLIS_IO_OUT (19,21) -> (90,20)
Info:                          Sink prdata[1]$tr_io.I
Info:                          Defined in:
Info:                               rtl/rtl_to_pixels_top.sv:7.75-7.81
Info: 1.18 ns logic, 17.57 ns routing

Info: Critical path report for cross-domain path '<async>' -> 'posedge $glbnet$clk$TRELLIS_IO_IN':
Info:       type curr  total name
Info:     source  0.00  0.00 Source s_tdata[15]$tr_io.O
Info:    routing  4.33  4.33 Net s_tdata[15]$TRELLIS_IO_IN (90,23) -> (22,22)
Info:                          Sink u_window.mid_c1_q_TRELLIS_FF_Q_DI_LUT4_D_Z_CCU2C_S0_CIN_CCU2C_COUT_CIN_CCU2C_COUT_CIN_CCU2C_COUT_CIN_CCU2C_COUT_A0_LUT4_Z_D_MULT18X18D_P0_P9_MULT18X18D_P8.A7
Info:                          Defined in:
Info:                               rtl/rgb_to_gray.sv:7.18-7.23
Info:      logic  3.93  8.26 Source u_window.mid_c1_q_TRELLIS_FF_Q_DI_LUT4_D_Z_CCU2C_S0_CIN_CCU2C_COUT_CIN_CCU2C_COUT_CIN_CCU2C_COUT_CIN_CCU2C_COUT_A0_LUT4_Z_D_MULT18X18D_P0_P9_MULT18X18D_P8.P3
Info:    routing  2.11  10.36 Net u_window.mid_c1_q_TRELLIS_FF_Q_DI_LUT4_D_Z_CCU2C_S0_CIN_CCU2C_COUT_CIN_CCU2C_COUT_CIN_CCU2C_COUT_CIN_CCU2C_COUT_A0_LUT4_Z_D_MULT18X18D_P0_P4[2] (22,22) -> (18,13)
Info:                          Sink u_window.mid_c1_q_TRELLIS_FF_Q_DI_LUT4_D_Z_CCU2C_S0_CIN_CCU2C_COUT_CIN_CCU2C_COUT_CIN_CCU2C_COUT_CIN_CCU2C_COUT_A0_LUT4_Z_D_MULT18X18D_P0_P5_LUT4_Z.D
Info:                          Defined in:
Info:                               /Users/Dilan/.local/share/from-rtl-to-pixels/oss-cad-suite-20260920/libexec/../share/yosys/lattice/cells_map_trellis.v:108.23-108.24
Info:      logic  0.24  10.60 Source u_window.mid_c1_q_TRELLIS_FF_Q_DI_LUT4_D_Z_CCU2C_S0_CIN_CCU2C_COUT_CIN_CCU2C_COUT_CIN_CCU2C_COUT_CIN_CCU2C_COUT_A0_LUT4_Z_D_MULT18X18D_P0_P5_LUT4_Z.F
Info:    routing  1.39  11.99 Net u_window.mid_c1_q_TRELLIS_FF_Q_DI_LUT4_D_Z_CCU2C_S0_CIN_CCU2C_COUT_CIN_CCU2C_COUT_CIN_CCU2C_COUT_CIN_CCU2C_COUT_A0_LUT4_Z_D_MULT18X18D_P0_P5[3] (18,13) -> (17,11)
Info:                          Sink u_window.mid_c1_q_TRELLIS_FF_Q_DI_LUT4_D_Z_CCU2C_S0_CIN_CCU2C_COUT_CIN_CCU2C_COUT_A1_LUT4_Z.D
Info:                          Defined in:
Info:                               /Users/Dilan/.local/share/from-rtl-to-pixels/oss-cad-suite-20260920/libexec/../share/yosys/lattice/cells_map_trellis.v:108.23-108.24
Info:      logic  0.24  12.23 Source u_window.mid_c1_q_TRELLIS_FF_Q_DI_LUT4_D_Z_CCU2C_S0_CIN_CCU2C_COUT_CIN_CCU2C_COUT_A1_LUT4_Z.F
Info:    routing  1.12  13.35 Net u_window.mid_c1_q_TRELLIS_FF_Q_DI_LUT4_D_Z_CCU2C_S0_CIN_CCU2C_COUT_CIN_CCU2C_COUT_A1 (17,11) -> (16,12)
Info:                          Sink u_window.mid_c1_q_TRELLIS_FF_Q_DI_LUT4_D_Z_CCU2C_S0_CIN_CCU2C_COUT_CIN_CCU2C_COUT$CCU2_COMB1.A
Info:      logic  0.45  13.79 Source u_window.mid_c1_q_TRELLIS_FF_Q_DI_LUT4_D_Z_CCU2C_S0_CIN_CCU2C_COUT_CIN_CCU2C_COUT$CCU2_COMB1.FCO
Info:    routing  0.00  13.79 Net u_window.mid_c1_q_TRELLIS_FF_Q_DI_LUT4_D_Z_CCU2C_S0_CIN_CCU2C_COUT_CIN (16,12) -> (17,12)
Info:                          Sink u_window.mid_c1_q_TRELLIS_FF_Q_DI_LUT4_D_Z_CCU2C_S0_CIN_CCU2C_COUT$CCU2_COMB0.FCI
Info:                          Defined in:
Info:                               /Users/Dilan/.local/share/from-rtl-to-pixels/oss-cad-suite-20260920/libexec/../share/yosys/lattice/arith_map_ccu2c.v:74.7-80.4
Info:                               /Users/Dilan/.local/share/from-rtl-to-pixels/oss-cad-suite-20260920/libexec/../share/yosys/lattice/ccu2c_sim.vh:9.9-9.13
Info:      logic  0.07  13.86 Source u_window.mid_c1_q_TRELLIS_FF_Q_DI_LUT4_D_Z_CCU2C_S0_CIN_CCU2C_COUT$CCU2_COMB0.FCO
Info:    routing  0.00  13.86 Net u_window.mid_c1_q_TRELLIS_FF_Q_DI_LUT4_D_Z_CCU2C_S0_CIN_CCU2C_COUT$CCU2_FCI_INT (17,12) -> (17,12)
Info:                          Sink u_window.mid_c1_q_TRELLIS_FF_Q_DI_LUT4_D_Z_CCU2C_S0_CIN_CCU2C_COUT$CCU2_COMB1.FCI
Info:      logic  0.00  13.86 Source u_window.mid_c1_q_TRELLIS_FF_Q_DI_LUT4_D_Z_CCU2C_S0_CIN_CCU2C_COUT$CCU2_COMB1.FCO
Info:    routing  0.00  13.86 Net u_window.mid_c1_q_TRELLIS_FF_Q_DI_LUT4_D_Z_CCU2C_S0_CIN (17,12) -> (17,12)
Info:                          Sink u_window.mid_c1_q_TRELLIS_FF_Q_DI_LUT4_D_Z_CCU2C_S0$CCU2_COMB0.FCI
Info:                          Defined in:
Info:                               /Users/Dilan/.local/share/from-rtl-to-pixels/oss-cad-suite-20260920/libexec/../share/yosys/lattice/arith_map_ccu2c.v:74.7-80.4
Info:                               /Users/Dilan/.local/share/from-rtl-to-pixels/oss-cad-suite-20260920/libexec/../share/yosys/lattice/ccu2c_sim.vh:9.9-9.13
Info:      logic  0.07  13.94 Source u_window.mid_c1_q_TRELLIS_FF_Q_DI_LUT4_D_Z_CCU2C_S0$CCU2_COMB0.FCO
Info:    routing  0.00  13.94 Net u_window.mid_c1_q_TRELLIS_FF_Q_DI_LUT4_D_Z_CCU2C_S0$CCU2_FCI_INT (17,12) -> (17,12)
Info:                          Sink u_window.mid_c1_q_TRELLIS_FF_Q_DI_LUT4_D_Z_CCU2C_S0$CCU2_COMB1.FCI
Info:      logic  0.00  13.94 Source u_window.mid_c1_q_TRELLIS_FF_Q_DI_LUT4_D_Z_CCU2C_S0$CCU2_COMB1.FCO
Info:    routing  0.00  13.94 Net u_window.mid_c1_q_TRELLIS_FF_Q_DI_LUT4_D_Z_CCU2C_S0_COUT (17,12) -> (17,12)
Info:                          Sink u_window.mid_c1_q_TRELLIS_FF_Q_DI_LUT4_D_Z_CCU2C_S0_COUT_CCU2C_CIN$CCU2_COMB0.FCI
Info:                          Defined in:
Info:                               /Users/Dilan/.local/share/from-rtl-to-pixels/oss-cad-suite-20260920/libexec/../share/yosys/lattice/arith_map_ccu2c.v:74.7-80.4
Info:                               /Users/Dilan/.local/share/from-rtl-to-pixels/oss-cad-suite-20260920/libexec/../share/yosys/lattice/ccu2c_sim.vh:9.9-9.13
Info:      logic  0.44  14.38 Source u_window.mid_c1_q_TRELLIS_FF_Q_DI_LUT4_D_Z_CCU2C_S0_COUT_CCU2C_CIN$CCU2_COMB0.F
Info:    routing  1.23  15.60 Net u_window.mid_c1_q_TRELLIS_FF_Q_DI_LUT4_D_Z_CCU2C_S0_COUT_CCU2C_CIN_S0[3] (17,12) -> (19,14)
Info:                          Sink u_line_buffer.line1_mem.0.0_DOB1_LUT4_D_Z_LUT4_C_Z_PFUMX_ALUT_Z_L6MUX21_D1_Z_LUT4_B_Z_LUT4_Z_1_C_LUT4_Z.D
Info:                          Defined in:
Info:                               /Users/Dilan/.local/share/from-rtl-to-pixels/oss-cad-suite-20260920/libexec/../share/yosys/lattice/cells_map_trellis.v:108.23-108.24
Info:      logic  0.24  15.84 Source u_line_buffer.line1_mem.0.0_DOB1_LUT4_D_Z_LUT4_C_Z_PFUMX_ALUT_Z_L6MUX21_D1_Z_LUT4_B_Z_LUT4_Z_1_C_LUT4_Z.F
Info:    routing  0.87  16.71 Net u_line_buffer.line1_mem.0.0_DOB1_LUT4_D_Z_LUT4_C_Z_PFUMX_ALUT_Z_L6MUX21_D1_Z_LUT4_B_Z_LUT4_Z_1_C[1] (19,14) -> (19,14)
Info:                          Sink u_line_buffer.line1_mem.0.0_DOB1_LUT4_D_Z_LUT4_C_Z_PFUMX_ALUT_Z_L6MUX21_D1_Z_LUT4_B_Z_L6MUX21_Z_D0_PFUMX_Z_BLUT_LUT4_Z.B
Info:                          Defined in:
Info:                               /Users/Dilan/.local/share/from-rtl-to-pixels/oss-cad-suite-20260920/libexec/../share/yosys/lattice/cells_map_trellis.v:108.23-108.24
Info:      logic  0.40  17.11 Source u_line_buffer.line1_mem.0.0_DOB1_LUT4_D_Z_LUT4_C_Z_PFUMX_ALUT_Z_L6MUX21_D1_Z_LUT4_B_Z_L6MUX21_Z_D0_PFUMX_Z_BLUT_LUT4_Z.OFX
Info:    routing  0.00  17.11 Net u_line_buffer.line1_mem.0.0_DOB1_LUT4_D_Z_LUT4_C_Z_PFUMX_ALUT_Z_L6MUX21_D1_Z_LUT4_B_Z_L6MUX21_Z_D0 (19,14) -> (19,14)
Info:                          Sink u_line_buffer.line1_mem.0.0_DOB1_LUT4_D_Z_LUT4_C_Z_PFUMX_ALUT_Z_L6MUX21_D1_Z_LUT4_B_Z_L6MUX21_Z_D1_PFUMX_Z_ALUT_LUT4_Z.FXA
Info:                          Defined in:
Info:                               /Users/Dilan/.local/share/from-rtl-to-pixels/oss-cad-suite-20260920/libexec/../share/yosys/lattice/cells_map_trellis.v:141.34-141.36
Info:      logic  0.24  17.35 Source u_line_buffer.line1_mem.0.0_DOB1_LUT4_D_Z_LUT4_C_Z_PFUMX_ALUT_Z_L6MUX21_D1_Z_LUT4_B_Z_L6MUX21_Z_D1_PFUMX_Z_ALUT_LUT4_Z.OFX
Info:    routing  0.60  17.95 Net u_line_buffer.line1_mem.0.0_DOB1_LUT4_D_Z_LUT4_C_Z_PFUMX_ALUT_Z_L6MUX21_D1_Z_LUT4_B_Z[0] (19,14) -> (20,14)
Info:                          Sink m_tdata_TRELLIS_FF_Q_1_DI_LUT4_Z_C_LUT4_Z_B_CCU2C_S1_B1_LUT4_Z_D_CCU2C_S1_CIN_CCU2C_COUT_S0_CCU2C_S0_CIN_CCU2C_COUT_CIN_CCU2C_COUT_CIN_CCU2C_COUT_B0_PFUMX_Z_ALUT_LUT4_Z.A
Info:                          Defined in:
Info:                               /Users/Dilan/.local/share/from-rtl-to-pixels/oss-cad-suite-20260920/libexec/../share/yosys/lattice/cells_map_trellis.v:108.23-108.24
Info:      logic  0.24  18.18 Source m_tdata_TRELLIS_FF_Q_1_DI_LUT4_Z_C_LUT4_Z_B_CCU2C_S1_B1_LUT4_Z_D_CCU2C_S1_CIN_CCU2C_COUT_S0_CCU2C_S0_CIN_CCU2C_COUT_CIN_CCU2C_COUT_CIN_CCU2C_COUT_B0_PFUMX_Z_ALUT_LUT4_Z.F
Info:    routing  0.00  18.18 Net m_tdata_TRELLIS_FF_Q_1_DI_LUT4_Z_C_LUT4_Z_B_CCU2C_S1_B1_LUT4_Z_D_CCU2C_S1_CIN_CCU2C_COUT_S0_CCU2C_S0_CIN_CCU2C_COUT_CIN_CCU2C_COUT_CIN_CCU2C_COUT_B0_PFUMX_Z_ALUT (20,14) -> (20,14)
Info:                          Sink m_tdata_TRELLIS_FF_Q_1_DI_LUT4_Z_C_LUT4_Z_B_CCU2C_S1_B1_LUT4_Z_D_CCU2C_S1_CIN_CCU2C_COUT_S0_CCU2C_S0_CIN_CCU2C_COUT_CIN_CCU2C_COUT_CIN_CCU2C_COUT_B0_PFUMX_Z_BLUT_LUT4_Z.F1
Info:                          Defined in:
Info:                               /Users/Dilan/.local/share/from-rtl-to-pixels/oss-cad-suite-20260920/libexec/../share/yosys/lattice/cells_map_trellis.v:133.22-133.24
Info:      logic  0.17  18.35 Source m_tdata_TRELLIS_FF_Q_1_DI_LUT4_Z_C_LUT4_Z_B_CCU2C_S1_B1_LUT4_Z_D_CCU2C_S1_CIN_CCU2C_COUT_S0_CCU2C_S0_CIN_CCU2C_COUT_CIN_CCU2C_COUT_CIN_CCU2C_COUT_B0_PFUMX_Z_BLUT_LUT4_Z.OFX
Info:    routing  1.03  19.38 Net m_tdata_TRELLIS_FF_Q_1_DI_LUT4_Z_C_LUT4_Z_B_CCU2C_S1_B1_LUT4_Z_D_CCU2C_S1_CIN_CCU2C_COUT_S0_CCU2C_S0_CIN_CCU2C_COUT_CIN_CCU2C_COUT_CIN_CCU2C_COUT_B0 (20,14) -> (21,16)
Info:                          Sink m_tdata_TRELLIS_FF_Q_1_DI_LUT4_Z_C_LUT4_Z_B_CCU2C_S1_B1_LUT4_Z_D_CCU2C_S1_CIN_CCU2C_COUT_S0_CCU2C_S0_CIN_CCU2C_COUT_CIN_CCU2C_COUT_CIN_CCU2C_COUT$CCU2_COMB0.B
Info:      logic  0.45  19.83 Source m_tdata_TRELLIS_FF_Q_1_DI_LUT4_Z_C_LUT4_Z_B_CCU2C_S1_B1_LUT4_Z_D_CCU2C_S1_CIN_CCU2C_COUT_S0_CCU2C_S0_CIN_CCU2C_COUT_CIN_CCU2C_COUT_CIN_CCU2C_COUT$CCU2_COMB0.FCO
Info:    routing  0.00  19.83 Net m_tdata_TRELLIS_FF_Q_1_DI_LUT4_Z_C_LUT4_Z_B_CCU2C_S1_B1_LUT4_Z_D_CCU2C_S1_CIN_CCU2C_COUT_S0_CCU2C_S0_CIN_CCU2C_COUT_CIN_CCU2C_COUT_CIN_CCU2C_COUT$CCU2_FCI_INT (21,16) -> (21,16)
Info:                          Sink m_tdata_TRELLIS_FF_Q_1_DI_LUT4_Z_C_LUT4_Z_B_CCU2C_S1_B1_LUT4_Z_D_CCU2C_S1_CIN_CCU2C_COUT_S0_CCU2C_S0_CIN_CCU2C_COUT_CIN_CCU2C_COUT_CIN_CCU2C_COUT$CCU2_COMB1.FCI
Info:      logic  0.40  20.23 Source m_tdata_TRELLIS_FF_Q_1_DI_LUT4_Z_C_LUT4_Z_B_CCU2C_S1_B1_LUT4_Z_D_CCU2C_S1_CIN_CCU2C_COUT_S0_CCU2C_S0_CIN_CCU2C_COUT_CIN_CCU2C_COUT_CIN_CCU2C_COUT$CCU2_COMB1.F
Info:    routing  0.74  20.97 Net m_tdata_TRELLIS_FF_Q_1_DI_LUT4_Z_C_LUT4_Z_B_CCU2C_S1_B1_LUT4_Z_D[0] (21,16) -> (20,17)
Info:                          Sink m_tdata_TRELLIS_FF_Q_1_DI_LUT4_Z_C_LUT4_Z_B_CCU2C_S1_B1_LUT4_Z_D_CCU2C_S1_B1_LUT4_Z.D
Info:                          Defined in:
Info:                               /Users/Dilan/.local/share/from-rtl-to-pixels/oss-cad-suite-20260920/libexec/../share/yosys/lattice/cells_map_trellis.v:108.23-108.24
Info:      logic  0.24  21.21 Source m_tdata_TRELLIS_FF_Q_1_DI_LUT4_Z_C_LUT4_Z_B_CCU2C_S1_B1_LUT4_Z_D_CCU2C_S1_B1_LUT4_Z.F
Info:    routing  0.86  22.07 Net m_tdata_TRELLIS_FF_Q_1_DI_LUT4_Z_C_LUT4_Z_B_CCU2C_S1_B1_LUT4_Z_D_CCU2C_S1_B1 (20,17) -> (21,17)
Info:                          Sink m_tdata_TRELLIS_FF_Q_1_DI_LUT4_Z_C_LUT4_Z_B_CCU2C_S1_B1_LUT4_Z_D_CCU2C_S1$CCU2_COMB1.B
Info:      logic  0.45  22.52 Source m_tdata_TRELLIS_FF_Q_1_DI_LUT4_Z_C_LUT4_Z_B_CCU2C_S1_B1_LUT4_Z_D_CCU2C_S1$CCU2_COMB1.FCO
Info:    routing  0.00  22.52 Net m_tdata_TRELLIS_FF_Q_1_DI_LUT4_Z_C_LUT4_Z_B_CCU2C_S1_B1_LUT4_Z_D_CCU2C_S1_COUT (21,17) -> (22,17)
Info:                          Sink m_tdata_TRELLIS_FF_Q_1_DI_LUT4_Z_C_LUT4_Z_B_CCU2C_S1_COUT_CCU2C_CIN_B1_LUT4_Z_D_CCU2C_S1$CCU2_COMB0.FCI
Info:                          Defined in:
Info:                               rtl/magnitude_clamp.sv:19.22-19.43
Info:                               /Users/Dilan/.local/share/from-rtl-to-pixels/oss-cad-suite-20260920/libexec/../share/yosys/lattice/arith_map_ccu2c.v:74.7-80.4
Info:                               /Users/Dilan/.local/share/from-rtl-to-pixels/oss-cad-suite-20260920/libexec/../share/yosys/lattice/ccu2c_sim.vh:9.9-9.13
Info:      logic  0.07  22.59 Source m_tdata_TRELLIS_FF_Q_1_DI_LUT4_Z_C_LUT4_Z_B_CCU2C_S1_COUT_CCU2C_CIN_B1_LUT4_Z_D_CCU2C_S1$CCU2_COMB0.FCO
Info:    routing  0.00  22.59 Net m_tdata_TRELLIS_FF_Q_1_DI_LUT4_Z_C_LUT4_Z_B_CCU2C_S1_COUT_CCU2C_CIN_B1_LUT4_Z_D_CCU2C_S1$CCU2_FCI_INT (22,17) -> (22,17)
Info:                          Sink m_tdata_TRELLIS_FF_Q_1_DI_LUT4_Z_C_LUT4_Z_B_CCU2C_S1_COUT_CCU2C_CIN_B1_LUT4_Z_D_CCU2C_S1$CCU2_COMB1.FCI
Info:      logic  0.40  23.00 Source m_tdata_TRELLIS_FF_Q_1_DI_LUT4_Z_C_LUT4_Z_B_CCU2C_S1_COUT_CCU2C_CIN_B1_LUT4_Z_D_CCU2C_S1$CCU2_COMB1.F
Info:    routing  0.88  23.87 Net m_tdata_TRELLIS_FF_Q_1_DI_LUT4_Z_C_LUT4_Z_B_CCU2C_S1_COUT_CCU2C_CIN_B1_LUT4_Z_D[2] (22,17) -> (22,19)
Info:                          Sink m_tdata_TRELLIS_FF_Q_1_DI_LUT4_Z_C_LUT4_Z_B_CCU2C_S1_COUT_CCU2C_CIN_B1_LUT4_Z.D
Info:                          Defined in:
Info:                               /Users/Dilan/.local/share/from-rtl-to-pixels/oss-cad-suite-20260920/libexec/../share/yosys/lattice/cells_map_trellis.v:108.23-108.24
Info:      logic  0.24  24.11 Source m_tdata_TRELLIS_FF_Q_1_DI_LUT4_Z_C_LUT4_Z_B_CCU2C_S1_COUT_CCU2C_CIN_B1_LUT4_Z.F
Info:    routing  0.85  24.96 Net m_tdata_TRELLIS_FF_Q_1_DI_LUT4_Z_C_LUT4_Z_B_CCU2C_S1_COUT_CCU2C_CIN_B1 (22,19) -> (21,19)
Info:                          Sink m_tdata_TRELLIS_FF_Q_1_DI_LUT4_Z_C_LUT4_Z_B_CCU2C_S1_COUT_CCU2C_CIN$CCU2_COMB1.B
Info:      logic  0.45  25.41 Source m_tdata_TRELLIS_FF_Q_1_DI_LUT4_Z_C_LUT4_Z_B_CCU2C_S1_COUT_CCU2C_CIN$CCU2_COMB1.FCO
Info:    routing  0.00  25.41 Net m_tdata_TRELLIS_FF_Q_1_DI_LUT4_Z_C_LUT4_Z_B_CCU2C_S1_COUT_CCU2C_CIN_COUT (21,19) -> (21,19)
Info:                          Sink m_tdata_TRELLIS_FF_Q_1_DI_LUT4_Z_C_LUT4_Z_B_CCU2C_S1_COUT_CCU2C_CIN_COUT_CCU2C_CIN$CCU2_COMB0.FCI
Info:                          Defined in:
Info:                               rtl/magnitude_clamp.sv:28.25-28.40
Info:                               /Users/Dilan/.local/share/from-rtl-to-pixels/oss-cad-suite-20260920/libexec/../share/yosys/lattice/arith_map_ccu2c.v:74.7-80.4
Info:                               /Users/Dilan/.local/share/from-rtl-to-pixels/oss-cad-suite-20260920/libexec/../share/yosys/lattice/ccu2c_sim.vh:9.9-9.13
Info:      logic  0.44  25.85 Source m_tdata_TRELLIS_FF_Q_1_DI_LUT4_Z_C_LUT4_Z_B_CCU2C_S1_COUT_CCU2C_CIN_COUT_CCU2C_CIN$CCU2_COMB0.F
Info:    routing  1.08  26.93 Net m_tdata_TRELLIS_FF_Q_1_DI_LUT4_Z_C_LUT4_Z_B_CCU2C_S1_COUT_CCU2C_CIN_COUT_CCU2C_CIN_S0 (21,19) -> (19,19)
Info:                          Sink m_tdata_TRELLIS_FF_Q_1_DI_LUT4_Z_C_LUT4_Z_B_CCU2C_S1_COUT_CCU2C_CIN_COUT_CCU2C_CIN_S1_CCU2C_A1$CCU2_COMB0.A
Info:      logic  0.45  27.38 Source m_tdata_TRELLIS_FF_Q_1_DI_LUT4_Z_C_LUT4_Z_B_CCU2C_S1_COUT_CCU2C_CIN_COUT_CCU2C_CIN_S1_CCU2C_A1$CCU2_COMB0.FCO
Info:    routing  0.00  27.38 Net m_tdata_TRELLIS_FF_Q_1_DI_LUT4_Z_C_LUT4_Z_B_CCU2C_S1_COUT_CCU2C_CIN_COUT_CCU2C_CIN_S1_CCU2C_A1$CCU2_FCI_INT (19,19) -> (19,19)
Info:                          Sink m_tdata_TRELLIS_FF_Q_1_DI_LUT4_Z_C_LUT4_Z_B_CCU2C_S1_COUT_CCU2C_CIN_COUT_CCU2C_CIN_S1_CCU2C_A1$CCU2_COMB1.FCI
Info:      logic  0.00  27.38 Source m_tdata_TRELLIS_FF_Q_1_DI_LUT4_Z_C_LUT4_Z_B_CCU2C_S1_COUT_CCU2C_CIN_COUT_CCU2C_CIN_S1_CCU2C_A1$CCU2_COMB1.FCO
Info:    routing  0.00  27.38 Net $nextpnr_CCU2C_25$CIN (19,19) -> (19,19)
Info:                          Sink $nextpnr_CCU2C_25$CCU2_COMB0.FCI
Info:      logic  0.44  27.82 Source $nextpnr_CCU2C_25$CCU2_COMB0.F
Info:    routing  0.71  28.53 Net m_tdata_TRELLIS_FF_Q_1_DI_LUT4_Z_C_LUT4_Z_B[2] (19,19) -> (19,18)
Info:                          Sink m_tdata_TRELLIS_FF_Q_5_DI_LUT4_Z.D
Info:                          Defined in:
Info:                               /Users/Dilan/.local/share/from-rtl-to-pixels/oss-cad-suite-20260920/libexec/../share/yosys/lattice/cells_map_trellis.v:108.23-108.24
Info:      logic  0.24  28.77 Source m_tdata_TRELLIS_FF_Q_5_DI_LUT4_Z.F
Info:    routing  1.09  29.86 Net m_tdata_TRELLIS_FF_Q_5_DI (19,18) -> (19,20)
Info:                          Sink m_tdata_TRELLIS_FF_Q_5_DI_CCU2C_A0$CCU2_COMB0.A
Info:      logic  0.45  30.31 Source m_tdata_TRELLIS_FF_Q_5_DI_CCU2C_A0$CCU2_COMB0.FCO
Info:    routing  0.00  30.31 Net m_tdata_TRELLIS_FF_Q_5_DI_CCU2C_A0$CCU2_FCI_INT (19,20) -> (19,20)
Info:                          Sink m_tdata_TRELLIS_FF_Q_5_DI_CCU2C_A0$CCU2_COMB1.FCI
Info:      logic  0.00  30.31 Source m_tdata_TRELLIS_FF_Q_5_DI_CCU2C_A0$CCU2_COMB1.FCO
Info:    routing  0.00  30.31 Net m_tdata_TRELLIS_FF_Q_5_DI_CCU2C_A0_COUT (19,20) -> (19,20)
Info:                          Sink m_tdata_TRELLIS_FF_Q_5_DI_CCU2C_A0_COUT_CCU2C_CIN$CCU2_COMB0.FCI
Info:                          Defined in:
Info:                               rtl/threshold_stage.sv:12.22-12.47
Info:                               /Users/Dilan/.local/share/from-rtl-to-pixels/oss-cad-suite-20260920/libexec/../share/yosys/lattice/arith_map_ccu2c.v:74.7-80.4
Info:                               /Users/Dilan/.local/share/from-rtl-to-pixels/oss-cad-suite-20260920/libexec/../share/yosys/lattice/ccu2c_sim.vh:9.9-9.13
Info:      logic  0.07  30.38 Source m_tdata_TRELLIS_FF_Q_5_DI_CCU2C_A0_COUT_CCU2C_CIN$CCU2_COMB0.FCO
Info:    routing  0.00  30.38 Net m_tdata_TRELLIS_FF_Q_5_DI_CCU2C_A0_COUT_CCU2C_CIN$CCU2_FCI_INT (19,20) -> (19,20)
Info:                          Sink m_tdata_TRELLIS_FF_Q_5_DI_CCU2C_A0_COUT_CCU2C_CIN$CCU2_COMB1.FCI
Info:      logic  0.00  30.38 Source m_tdata_TRELLIS_FF_Q_5_DI_CCU2C_A0_COUT_CCU2C_CIN$CCU2_COMB1.FCO
Info:    routing  0.00  30.38 Net m_tdata_TRELLIS_FF_Q_5_DI_CCU2C_A0_COUT_CCU2C_CIN_COUT (19,20) -> (19,20)
Info:                          Sink m_tdata_TRELLIS_FF_Q_5_DI_CCU2C_A0_COUT_CCU2C_CIN_COUT_CCU2C_CIN$CCU2_COMB0.FCI
Info:                          Defined in:
Info:                               rtl/threshold_stage.sv:12.22-12.47
Info:                               /Users/Dilan/.local/share/from-rtl-to-pixels/oss-cad-suite-20260920/libexec/../share/yosys/lattice/arith_map_ccu2c.v:74.7-80.4
Info:                               /Users/Dilan/.local/share/from-rtl-to-pixels/oss-cad-suite-20260920/libexec/../share/yosys/lattice/ccu2c_sim.vh:9.9-9.13
Info:      logic  0.07  30.45 Source m_tdata_TRELLIS_FF_Q_5_DI_CCU2C_A0_COUT_CCU2C_CIN_COUT_CCU2C_CIN$CCU2_COMB0.FCO
Info:    routing  0.00  30.45 Net m_tdata_TRELLIS_FF_Q_5_DI_CCU2C_A0_COUT_CCU2C_CIN_COUT_CCU2C_CIN$CCU2_FCI_INT (19,20) -> (19,20)
Info:                          Sink m_tdata_TRELLIS_FF_Q_5_DI_CCU2C_A0_COUT_CCU2C_CIN_COUT_CCU2C_CIN$CCU2_COMB1.FCI
Info:      logic  0.00  30.45 Source m_tdata_TRELLIS_FF_Q_5_DI_CCU2C_A0_COUT_CCU2C_CIN_COUT_CCU2C_CIN$CCU2_COMB1.FCO
Info:    routing  0.00  30.45 Net m_tdata_TRELLIS_FF_Q_5_DI_CCU2C_A0_COUT_CCU2C_CIN_COUT_CCU2C_CIN_COUT (19,20) -> (20,20)
Info:                          Sink m_tdata_TRELLIS_FF_Q_5_DI_CCU2C_A0_COUT_CCU2C_CIN_COUT_CCU2C_CIN_COUT_CCU2C_CIN$CCU2_COMB0.FCI
Info:                          Defined in:
Info:                               rtl/threshold_stage.sv:12.22-12.47
Info:                               /Users/Dilan/.local/share/from-rtl-to-pixels/oss-cad-suite-20260920/libexec/../share/yosys/lattice/arith_map_ccu2c.v:74.7-80.4
Info:                               /Users/Dilan/.local/share/from-rtl-to-pixels/oss-cad-suite-20260920/libexec/../share/yosys/lattice/ccu2c_sim.vh:9.9-9.13
Info:      logic  0.07  30.52 Source m_tdata_TRELLIS_FF_Q_5_DI_CCU2C_A0_COUT_CCU2C_CIN_COUT_CCU2C_CIN_COUT_CCU2C_CIN$CCU2_COMB0.FCO
Info:    routing  0.00  30.52 Net m_tdata_TRELLIS_FF_Q_5_DI_CCU2C_A0_COUT_CCU2C_CIN_COUT_CCU2C_CIN_COUT_CCU2C_CIN$CCU2_FCI_INT (20,20) -> (20,20)
Info:                          Sink m_tdata_TRELLIS_FF_Q_5_DI_CCU2C_A0_COUT_CCU2C_CIN_COUT_CCU2C_CIN_COUT_CCU2C_CIN$CCU2_COMB1.FCI
Info:      logic  0.00  30.52 Source m_tdata_TRELLIS_FF_Q_5_DI_CCU2C_A0_COUT_CCU2C_CIN_COUT_CCU2C_CIN_COUT_CCU2C_CIN$CCU2_COMB1.FCO
Info:    routing  0.00  30.52 Net $nextpnr_CCU2C_23$CIN (20,20) -> (20,20)
Info:                          Sink $nextpnr_CCU2C_23$CCU2_COMB0.FCI
Info:      logic  0.44  30.96 Source $nextpnr_CCU2C_23$CCU2_COMB0.F
Info:    routing  0.74  31.70 Net m_tdata_TRELLIS_FF_Q_1_DI_LUT4_Z_C[2] (20,20) -> (20,18)
Info:                          Sink m_tdata_TRELLIS_FF_Q_2_DI_LUT4_Z.D
Info:                          Defined in:
Info:                               /Users/Dilan/.local/share/from-rtl-to-pixels/oss-cad-suite-20260920/libexec/../share/yosys/lattice/cells_map_trellis.v:108.23-108.24
Info:      logic  0.24  31.94 Source m_tdata_TRELLIS_FF_Q_2_DI_LUT4_Z.F
Info:    routing  0.13  32.07 Net m_tdata_TRELLIS_FF_Q_2_DI (20,18) -> (20,18)
Info:                          Sink m_tdata_TRELLIS_FF_Q_2.DI
Info:      setup  0.00  32.07 Source m_tdata_TRELLIS_FF_Q_2.DI
Info: 12.31 ns logic, 19.76 ns routing

Info: Critical path report for cross-domain path 'posedge $glbnet$clk$TRELLIS_IO_IN' -> '<async>':
Info:       type curr  total name
Info:   clk-to-q  0.52  0.52 Source u_apb_regs.threshold_shadow_q_TRELLIS_FF_Q_4.Q
Info:    routing  1.71  2.24 Net u_apb_regs.threshold_shadow_q[4] (17,25) -> (18,20)
Info:                          Sink u_apb_regs.bypass_threshold_shadow_q_LUT4_C_D_LUT4_Z.A
Info:                          Defined in:
Info:                               rtl/apb_regs.sv:30.18-30.36
Info:      logic  0.24  2.47 Source u_apb_regs.bypass_threshold_shadow_q_LUT4_C_D_LUT4_Z.F
Info:    routing  0.21  2.69 Net u_apb_regs.bypass_threshold_shadow_q_LUT4_C_D[2] (18,20) -> (18,20)
Info:                          Sink u_apb_regs.bypass_threshold_shadow_q_LUT4_C.D
Info:                          Defined in:
Info:                               /Users/Dilan/.local/share/from-rtl-to-pixels/oss-cad-suite-20260920/libexec/../share/yosys/lattice/cells_map_trellis.v:108.23-108.24
Info:      logic  0.24  2.92 Source u_apb_regs.bypass_threshold_shadow_q_LUT4_C.F
Info:    routing  0.47  3.40 Net u_apb_regs.bypass_threshold_shadow_q_LUT4_C_Z[3] (18,20) -> (18,20)
Info:                          Sink prdata_LUT4_Z_26_D_LUT4_Z_D_LUT4_Z_D_LUT4_Z_D_LUT4_Z.D
Info:                          Defined in:
Info:                               /Users/Dilan/.local/share/from-rtl-to-pixels/oss-cad-suite-20260920/libexec/../share/yosys/lattice/cells_map_trellis.v:108.23-108.24
Info:      logic  0.24  3.64 Source prdata_LUT4_Z_26_D_LUT4_Z_D_LUT4_Z_D_LUT4_Z_D_LUT4_Z.F
Info:    routing  1.39  5.03 Net prdata_LUT4_Z_26_D_LUT4_Z_D_LUT4_Z_D_LUT4_Z_D[3] (18,20) -> (17,20)
Info:                          Sink prdata_LUT4_Z_26_D_LUT4_Z_D_LUT4_Z_D_LUT4_Z.D
Info:                          Defined in:
Info:                               /Users/Dilan/.local/share/from-rtl-to-pixels/oss-cad-suite-20260920/libexec/../share/yosys/lattice/cells_map_trellis.v:108.23-108.24
Info:      logic  0.24  5.26 Source prdata_LUT4_Z_26_D_LUT4_Z_D_LUT4_Z_D_LUT4_Z.F
Info:    routing  0.59  5.86 Net prdata_LUT4_Z_26_D_LUT4_Z_D_LUT4_Z_D[3] (17,20) -> (17,20)
Info:                          Sink prdata_LUT4_Z_26_D_LUT4_Z_D_LUT4_Z.D
Info:                          Defined in:
Info:                               /Users/Dilan/.local/share/from-rtl-to-pixels/oss-cad-suite-20260920/libexec/../share/yosys/lattice/cells_map_trellis.v:108.23-108.24
Info:      logic  0.24  6.09 Source prdata_LUT4_Z_26_D_LUT4_Z_D_LUT4_Z.F
Info:    routing  0.96  7.05 Net prdata_LUT4_Z_26_D_LUT4_Z_D[3] (17,20) -> (17,23)
Info:                          Sink prdata_LUT4_Z_26_D_LUT4_Z.D
Info:                          Defined in:
Info:                               /Users/Dilan/.local/share/from-rtl-to-pixels/oss-cad-suite-20260920/libexec/../share/yosys/lattice/cells_map_trellis.v:108.23-108.24
Info:      logic  0.24  7.29 Source prdata_LUT4_Z_26_D_LUT4_Z.F
Info:    routing  0.59  7.88 Net prdata_LUT4_Z_26_D[2] (17,23) -> (17,23)
Info:                          Sink prdata_LUT4_Z_26.D
Info:                          Defined in:
Info:                               /Users/Dilan/.local/share/from-rtl-to-pixels/oss-cad-suite-20260920/libexec/../share/yosys/lattice/cells_map_trellis.v:108.23-108.24
Info:      logic  0.24  8.12 Source prdata_LUT4_Z_26.F
Info:    routing  4.14  12.26 Net prdata[2]$TRELLIS_IO_OUT (17,23) -> (90,29)
Info:                          Sink prdata[2]$tr_io.I
Info:                          Defined in:
Info:                               rtl/rtl_to_pixels_top.sv:7.75-7.81
Info: 2.18 ns logic, 10.09 ns routing

Info: Max frequency for clock '$glbnet$clk$TRELLIS_IO_IN': 38.86 MHz (PASS at 35.00 MHz)

Info: Max delay <async>                           -> <async>                          : 18.75 ns
Info: Max delay <async>                           -> posedge $glbnet$clk$TRELLIS_IO_IN: 32.07 ns
Info: Max delay posedge $glbnet$clk$TRELLIS_IO_IN -> <async>                          : 12.26 ns

Info: Slack histogram:
Info:  legend: * represents 1 endpoint(s)
Info:          + represents [1,1) endpoint(s)
Info: [  2840,   4071) |****+
Info: [  4071,   5302) | 
Info: [  5302,   6533) |+
Info: [  6533,   7764) | 
Info: [  7764,   8995) | 
Info: [  8995,  10226) | 
Info: [ 10226,  11457) | 
Info: [ 11457,  12688) | 
Info: [ 12688,  13919) | 
Info: [ 13919,  15150) | 
Info: [ 15150,  16381) | 
Info: [ 16381,  17612) | 
Info: [ 17612,  18843) |*****+
Info: [ 18843,  20074) |********************+
Info: [ 20074,  21305) |************************************************************ 
Info: [ 21305,  22536) |**************************************************+
Info: [ 22536,  23767) |*************************+
Info: [ 23767,  24998) |********************+
Info: [ 24998,  26229) |***********************************************************+
Info: [ 26229,  27460) |*************************+

Info: Program finished normally.
