rm -f /var/folders/78/xn7s20w54m75pf1x_198zh980000gn/T/tmp.NA1P7dmAbk/results.xml
/opt/homebrew/bin/verilator -cc --exe -Mdir /var/folders/78/xn7s20w54m75pf1x_198zh980000gn/T/tmp.NA1P7dmAbk --top-module rtl_to_pixels_top_pipelined -GIMG_WIDTH=3 -GIMG_HEIGHT=3 --timescale 1ns/1ps --vpi --public-flat-rw --prefix Vtop -o Vtop -LDFLAGS "-Wl,-rpath,/Users/Dilan/Projects/from-rtl-to-pixels/.venv/lib/python3.14/site-packages/cocotb/libs -L/Users/Dilan/Projects/from-rtl-to-pixels/.venv/lib/python3.14/site-packages/cocotb/libs -lcocotbvpi_verilator"  /Users/Dilan/Projects/from-rtl-to-pixels/rtl/pixel_pkg.sv /Users/Dilan/Projects/from-rtl-to-pixels/rtl/rgb_to_gray.sv /Users/Dilan/Projects/from-rtl-to-pixels/rtl/elastic_stage.sv /Users/Dilan/Projects/from-rtl-to-pixels/rtl/apb_regs.sv /Users/Dilan/Projects/from-rtl-to-pixels/rtl/pixel_control.sv /Users/Dilan/Projects/from-rtl-to-pixels/rtl/line_buffer.sv /Users/Dilan/Projects/from-rtl-to-pixels/rtl/window_3x3.sv /Users/Dilan/Projects/from-rtl-to-pixels/rtl/sobel_compact.sv /Users/Dilan/Projects/from-rtl-to-pixels/rtl/magnitude_clamp.sv /Users/Dilan/Projects/from-rtl-to-pixels/rtl/threshold_stage.sv /Users/Dilan/Projects/from-rtl-to-pixels/rtl/output_control.sv /Users/Dilan/Projects/from-rtl-to-pixels/rtl/rtl_to_pixels_top_pipelined.sv /Users/Dilan/Projects/from-rtl-to-pixels/.venv/lib/python3.14/site-packages/cocotb/share/lib/verilator/verilator.cpp
- V e r i l a t i o n   R e p o r t: Verilator 5.052 2026-09-05 rev vUNKNOWN-built20260905
- Verilator: Built from 0.389 MB sources in 13 modules, into 0.291 MB in 7 C++ files needing 0.000 MB
- Verilator: Walltime 0.050 s (elab=0.007, cvt=0.025, bld=0.000); cpu 0.039 s on 1 threads; allocated 14.266 MB
/Applications/Xcode.app/Contents/Developer/usr/bin/make -C /var/folders/78/xn7s20w54m75pf1x_198zh980000gn/T/tmp.NA1P7dmAbk  -f Vtop.mk
c++  -I.  -MMD -I/opt/homebrew/Cellar/verilator/5.052/share/verilator/include -I/opt/homebrew/Cellar/verilator/5.052/share/verilator/include/vltstd -DVERILATOR=1 -DVM_COVERAGE=0 -DVM_SC=0 -DVM_TIMING=0 -DVM_TRACE=0 -DVM_TRACE_FST=0 -DVM_TRACE_VCD=0 -DVM_TRACE_SAIF=0 -DVM_VPI=1 -faligned-new -fbracket-depth=4096 -fcf-protection=none -Xclang -fno-pch-timestamp -Qunused-arguments -Wno-bool-operation -Wno-c++11-narrowing -Wno-constant-logical-operand -Wno-int-in-bool-context -Wno-non-pod-varargs -Wno-parentheses-equality -Wno-shadow -Wno-sign-compare -Wno-tautological-bitwise-compare -Wno-tautological-compare -Wno-uninitialized -Wno-unnecessary-virtual-specifier -Wno-unused-but-set-parameter -Wno-unused-but-set-variable -Wno-unused-parameter -Wno-unused-variable -Wno-vla-cxx-extension      -Os  -c -o verilator.o /Users/Dilan/Projects/from-rtl-to-pixels/.venv/lib/python3.14/site-packages/cocotb/share/lib/verilator/verilator.cpp
c++ -Os  -I.  -MMD -I/opt/homebrew/Cellar/verilator/5.052/share/verilator/include -I/opt/homebrew/Cellar/verilator/5.052/share/verilator/include/vltstd -DVERILATOR=1 -DVM_COVERAGE=0 -DVM_SC=0 -DVM_TIMING=0 -DVM_TRACE=0 -DVM_TRACE_FST=0 -DVM_TRACE_VCD=0 -DVM_TRACE_SAIF=0 -DVM_VPI=1 -faligned-new -fbracket-depth=4096 -fcf-protection=none -Xclang -fno-pch-timestamp -Qunused-arguments -Wno-bool-operation -Wno-c++11-narrowing -Wno-constant-logical-operand -Wno-int-in-bool-context -Wno-non-pod-varargs -Wno-parentheses-equality -Wno-shadow -Wno-sign-compare -Wno-tautological-bitwise-compare -Wno-tautological-compare -Wno-uninitialized -Wno-unnecessary-virtual-specifier -Wno-unused-but-set-parameter -Wno-unused-but-set-variable -Wno-unused-parameter -Wno-unused-variable -Wno-vla-cxx-extension      -c -o verilated.o /opt/homebrew/Cellar/verilator/5.052/share/verilator/include/verilated.cpp
c++ -Os  -I.  -MMD -I/opt/homebrew/Cellar/verilator/5.052/share/verilator/include -I/opt/homebrew/Cellar/verilator/5.052/share/verilator/include/vltstd -DVERILATOR=1 -DVM_COVERAGE=0 -DVM_SC=0 -DVM_TIMING=0 -DVM_TRACE=0 -DVM_TRACE_FST=0 -DVM_TRACE_VCD=0 -DVM_TRACE_SAIF=0 -DVM_VPI=1 -faligned-new -fbracket-depth=4096 -fcf-protection=none -Xclang -fno-pch-timestamp -Qunused-arguments -Wno-bool-operation -Wno-c++11-narrowing -Wno-constant-logical-operand -Wno-int-in-bool-context -Wno-non-pod-varargs -Wno-parentheses-equality -Wno-shadow -Wno-sign-compare -Wno-tautological-bitwise-compare -Wno-tautological-compare -Wno-uninitialized -Wno-unnecessary-virtual-specifier -Wno-unused-but-set-parameter -Wno-unused-but-set-variable -Wno-unused-parameter -Wno-unused-variable -Wno-vla-cxx-extension      -c -o verilated_dpi.o /opt/homebrew/Cellar/verilator/5.052/share/verilator/include/verilated_dpi.cpp
c++ -Os  -I.  -MMD -I/opt/homebrew/Cellar/verilator/5.052/share/verilator/include -I/opt/homebrew/Cellar/verilator/5.052/share/verilator/include/vltstd -DVERILATOR=1 -DVM_COVERAGE=0 -DVM_SC=0 -DVM_TIMING=0 -DVM_TRACE=0 -DVM_TRACE_FST=0 -DVM_TRACE_VCD=0 -DVM_TRACE_SAIF=0 -DVM_VPI=1 -faligned-new -fbracket-depth=4096 -fcf-protection=none -Xclang -fno-pch-timestamp -Qunused-arguments -Wno-bool-operation -Wno-c++11-narrowing -Wno-constant-logical-operand -Wno-int-in-bool-context -Wno-non-pod-varargs -Wno-parentheses-equality -Wno-shadow -Wno-sign-compare -Wno-tautological-bitwise-compare -Wno-tautological-compare -Wno-uninitialized -Wno-unnecessary-virtual-specifier -Wno-unused-but-set-parameter -Wno-unused-but-set-variable -Wno-unused-parameter -Wno-unused-variable -Wno-vla-cxx-extension      -c -o verilated_vpi.o /opt/homebrew/Cellar/verilator/5.052/share/verilator/include/verilated_vpi.cpp
c++ -Os  -I.  -MMD -I/opt/homebrew/Cellar/verilator/5.052/share/verilator/include -I/opt/homebrew/Cellar/verilator/5.052/share/verilator/include/vltstd -DVERILATOR=1 -DVM_COVERAGE=0 -DVM_SC=0 -DVM_TIMING=0 -DVM_TRACE=0 -DVM_TRACE_FST=0 -DVM_TRACE_VCD=0 -DVM_TRACE_SAIF=0 -DVM_VPI=1 -faligned-new -fbracket-depth=4096 -fcf-protection=none -Xclang -fno-pch-timestamp -Qunused-arguments -Wno-bool-operation -Wno-c++11-narrowing -Wno-constant-logical-operand -Wno-int-in-bool-context -Wno-non-pod-varargs -Wno-parentheses-equality -Wno-shadow -Wno-sign-compare -Wno-tautological-bitwise-compare -Wno-tautological-compare -Wno-uninitialized -Wno-unnecessary-virtual-specifier -Wno-unused-but-set-parameter -Wno-unused-but-set-variable -Wno-unused-parameter -Wno-unused-variable -Wno-vla-cxx-extension      -c -o verilated_threads.o /opt/homebrew/Cellar/verilator/5.052/share/verilator/include/verilated_threads.cpp
python3 /opt/homebrew/Cellar/verilator/5.052/share/verilator/bin/verilator_includer -DVL_INCLUDE_OPT=include Vtop.cpp Vtop___024root__0.cpp Vtop__Dpi.cpp Vtop__ConstPool__0__Slow.cpp Vtop___024root__Slow.cpp Vtop___024root__0__Slow.cpp Vtop__Syms__Slow.cpp > Vtop__ALL.cpp
c++ -Os  -I.  -MMD -I/opt/homebrew/Cellar/verilator/5.052/share/verilator/include -I/opt/homebrew/Cellar/verilator/5.052/share/verilator/include/vltstd -DVERILATOR=1 -DVM_COVERAGE=0 -DVM_SC=0 -DVM_TIMING=0 -DVM_TRACE=0 -DVM_TRACE_FST=0 -DVM_TRACE_VCD=0 -DVM_TRACE_SAIF=0 -DVM_VPI=1 -faligned-new -fbracket-depth=4096 -fcf-protection=none -Xclang -fno-pch-timestamp -Qunused-arguments -Wno-bool-operation -Wno-c++11-narrowing -Wno-constant-logical-operand -Wno-int-in-bool-context -Wno-non-pod-varargs -Wno-parentheses-equality -Wno-shadow -Wno-sign-compare -Wno-tautological-bitwise-compare -Wno-tautological-compare -Wno-uninitialized -Wno-unnecessary-virtual-specifier -Wno-unused-but-set-parameter -Wno-unused-but-set-variable -Wno-unused-parameter -Wno-unused-variable -Wno-vla-cxx-extension      -c -o Vtop__ALL.o Vtop__ALL.cpp
c++  -Wl,-U,__Z15vl_time_stamp64v,-U,__Z13sc_time_stampv,-U,_vlog_startup_routines   -rdynamic verilator.o verilated.o verilated_dpi.o verilated_vpi.o verilated_threads.o Vtop__ALL.a   -Wl,-rpath,/Users/Dilan/Projects/from-rtl-to-pixels/.venv/lib/python3.14/site-packages/cocotb/libs -L/Users/Dilan/Projects/from-rtl-to-pixels/.venv/lib/python3.14/site-packages/cocotb/libs -lcocotbvpi_verilator  -pthread -lpthread -ldl   -o Vtop
rm Vtop__ALL.verilator_deplist.tmp
rm -f /var/folders/78/xn7s20w54m75pf1x_198zh980000gn/T/tmp.NA1P7dmAbk/results.xml
COCOTB_TEST_MODULES=test_rtl_to_pixels_top COCOTB_TESTCASE=  COCOTB_TOPLEVEL=rtl_to_pixels_top_pipelined TOPLEVEL_LANG=verilog       \
         /var/folders/78/xn7s20w54m75pf1x_198zh980000gn/T/tmp.NA1P7dmAbk/Vtop     
     -.--ns INFO     gpi                                ../gpi/GpiCommon.cpp:242  in gpi_load_users                  Loaded entry library: '/Library/Frameworks/Python.framework/Versions/3.14/Python'
     -.--ns INFO     gpi                                ../gpi/GpiCommon.cpp:234  in gpi_load_users                  Running entry func 'initialize' from loaded library '/Users/Dilan/Projects/from-rtl-to-pixels/.venv/lib/python3.14/site-packages/cocotb/simulator.cpython-314-darwin.so'
     -.--ns INFO     pygpi                              ..ib/pygpi/embed.cpp:115  in initialize                      Using Python 3.14.6 interpreter at /Users/Dilan/Projects/from-rtl-to-pixels/.venv/bin/python
     -.--ns INFO     gpi                                ../gpi/GpiCommon.cpp:74   in gpi_print_registered_impl       GPI: VPI support registered
     0.00ns INFO     cocotb.initialize                  Seeding Python random module with 1790118803
     0.00ns INFO     cocotb.initialize                  Initialized cocotb v2.1.0 from /Users/Dilan/Projects/from-rtl-to-pixels/.venv/lib/python3.14/site-packages/cocotb
     0.00ns INFO     cocotb.initialize                  Running on Verilator version 5.052 2026-09-05
     0.00ns INFO     cocotb.regression                  Running tests
     0.00ns INFO     cocotb.regression                  running test_rtl_to_pixels_top.run_enable_gates_and_bypass_frame_matches_reference (1/4)
   112.00ns WARNING  cocotb.regression                  test_rtl_to_pixels_top.run_enable_gates_and_bypass_frame_matches_reference failed
                                                        Traceback (most recent call last):
                                                          File "/Users/Dilan/Projects/from-rtl-to-pixels/tb/tests/test_rtl_to_pixels_top.py", line 47, in run_enable_gates_and_bypass_frame_matches_reference
                                                            await reset(d); a=rgb(0); d.m_tready.value=1; drive(d,a,0); await settle(); assert int(d.s_tready.value)==0; idle(d); await configure(d,255,1); ins,vals=await frame(d,a,255,1); compare(a,vals,255,1,ins); assert await apb(d,FRAME_COUNT)==1; assert await apb(d,STATUS)&15==0
                                                                                                                                                                                                                     ^^^^^^^^^^^^^^^^^^^^^^
                                                          File "/Users/Dilan/Projects/from-rtl-to-pixels/tb/tests/test_rtl_to_pixels_top.py", line 33, in frame
                                                            oi=len(outs); r,c=divmod(oi,W); assert int(d.m_tuser.value)==(oi==0); assert int(d.m_tlast.value)==(c==W-1); outs.append(int(d.m_tdata.value))
                                                                                            ^^^^^^^^^^^^^^^^^^^^^^^^^^^^^^^^^^^^
                                                        AssertionError: assert 0 == (0 == 0)
                                                         +  where 0 = int(Logic('0'))
                                                         +    where Logic('0') = LogicObject(rtl_to_pixels_top_pipelined.m_tuser).value
                                                         +      where LogicObject(rtl_to_pixels_top_pipelined.m_tuser) = HierarchyObject(rtl_to_pixels_top_pipelined with definition rtl_to_pixels_top_pipelined).m_tuser
   112.00ns INFO     cocotb.regression                  running test_rtl_to_pixels_top.thresholded_complete_frame_matches_reference (2/4)
   234.00ns WARNING  cocotb.regression                  test_rtl_to_pixels_top.thresholded_complete_frame_matches_reference failed
                                                        Traceback (most recent call last):
                                                          File "/Users/Dilan/Projects/from-rtl-to-pixels/tb/tests/test_rtl_to_pixels_top.py", line 50, in thresholded_complete_frame_matches_reference
                                                            await reset(d); a=rgb(1); await configure(d,96,0); ins,vals=await frame(d,a,96,0); compare(a,vals,96,0,ins); assert await apb(d,FRAME_COUNT)==1; assert await apb(d,STATUS)&15==0
                                                                                                                        ^^^^^^^^^^^^^^^^^^^^^
                                                          File "/Users/Dilan/Projects/from-rtl-to-pixels/tb/tests/test_rtl_to_pixels_top.py", line 33, in frame
                                                            oi=len(outs); r,c=divmod(oi,W); assert int(d.m_tuser.value)==(oi==0); assert int(d.m_tlast.value)==(c==W-1); outs.append(int(d.m_tdata.value))
                                                                                            ^^^^^^^^^^^^^^^^^^^^^^^^^^^^^^^^^^^^
                                                        AssertionError: assert 0 == (0 == 0)
                                                         +  where 0 = int(Logic('0'))
                                                         +    where Logic('0') = LogicObject(rtl_to_pixels_top_pipelined.m_tuser).value
                                                         +      where LogicObject(rtl_to_pixels_top_pipelined.m_tuser) = HierarchyObject(rtl_to_pixels_top_pipelined with definition rtl_to_pixels_top_pipelined).m_tuser
   234.00ns INFO     cocotb.regression                  running test_rtl_to_pixels_top.final_output_stall_delays_count_and_new_frame_admission (3/4)
   356.00ns WARNING  cocotb.regression                  test_rtl_to_pixels_top.final_output_stall_delays_count_and_new_frame_admission failed
                                                        Traceback (most recent call last):
                                                          File "/Users/Dilan/Projects/from-rtl-to-pixels/tb/tests/test_rtl_to_pixels_top.py", line 53, in final_output_stall_delays_count_and_new_frame_admission
                                                            await reset(d); a=rgb(2); await configure(d,128,1); ins,vals=await frame(d,a,128,1,True); assert ins==N and len(vals)==N-1; nexta=rgb(3); drive(d,nexta,0); await settle(); snap=(int(d.m_tdata.value),int(d.m_tuser.value),int(d.m_tlast.value)); assert int(d.m_tvalid.value) and not int(d.s_tready.value); assert await apb(d,FRAME_COUNT)==0; st=await apb(d,STATUS); assert (st&3)==3
                                                                                                                         ^^^^^^^^^^^^^^^^^^^^^^^^^^^
                                                          File "/Users/Dilan/Projects/from-rtl-to-pixels/tb/tests/test_rtl_to_pixels_top.py", line 33, in frame
                                                            oi=len(outs); r,c=divmod(oi,W); assert int(d.m_tuser.value)==(oi==0); assert int(d.m_tlast.value)==(c==W-1); outs.append(int(d.m_tdata.value))
                                                                                            ^^^^^^^^^^^^^^^^^^^^^^^^^^^^^^^^^^^^
                                                        AssertionError: assert 0 == (0 == 0)
                                                         +  where 0 = int(Logic('0'))
                                                         +    where Logic('0') = LogicObject(rtl_to_pixels_top_pipelined.m_tuser).value
                                                         +      where LogicObject(rtl_to_pixels_top_pipelined.m_tuser) = HierarchyObject(rtl_to_pixels_top_pipelined with definition rtl_to_pixels_top_pipelined).m_tuser
   356.00ns INFO     cocotb.regression                  running test_rtl_to_pixels_top.consecutive_frames_with_idle_reconfiguration_match_reference (4/4)
   478.00ns WARNING  cocotb.regression                  test_rtl_to_pixels_top.consecutive_frames_with_idle_reconfiguration_match_reference failed
                                                        Traceback (most recent call last):
                                                          File "/Users/Dilan/Projects/from-rtl-to-pixels/tb/tests/test_rtl_to_pixels_top.py", line 58, in consecutive_frames_with_idle_reconfiguration_match_reference
                                                            await reset(d); a0=rgb(4); a1=rgb(5); await configure(d,48,0); ins,v=await frame(d,a0,48,0); compare(a0,v,48,0,ins); assert await apb(d,FRAME_COUNT)==1; await configure(d,200,0); ins,v=await frame(d,a1,200,0); compare(a1,v,200,0,ins); assert await apb(d,FRAME_COUNT)==2; assert await apb(d,STATUS)&15==0
                                                                                                                                 ^^^^^^^^^^^^^^^^^^^^^^
                                                          File "/Users/Dilan/Projects/from-rtl-to-pixels/tb/tests/test_rtl_to_pixels_top.py", line 33, in frame
                                                            oi=len(outs); r,c=divmod(oi,W); assert int(d.m_tuser.value)==(oi==0); assert int(d.m_tlast.value)==(c==W-1); outs.append(int(d.m_tdata.value))
                                                                                            ^^^^^^^^^^^^^^^^^^^^^^^^^^^^^^^^^^^^
                                                        AssertionError: assert 0 == (0 == 0)
                                                         +  where 0 = int(Logic('0'))
                                                         +    where Logic('0') = LogicObject(rtl_to_pixels_top_pipelined.m_tuser).value
                                                         +      where LogicObject(rtl_to_pixels_top_pipelined.m_tuser) = HierarchyObject(rtl_to_pixels_top_pipelined with definition rtl_to_pixels_top_pipelined).m_tuser
   478.00ns INFO     cocotb.regression                  *********************************************************************************************************************************************
                                                        ** TEST                                                                                 STATUS  SIM TIME (ns)  REAL TIME (s)  RATIO (ns/s) **
                                                        *********************************************************************************************************************************************
                                                        ** test_rtl_to_pixels_top.run_enable_gates_and_bypass_frame_matches_reference            FAIL         112.00           0.00      98030.64  **
                                                        ** test_rtl_to_pixels_top.thresholded_complete_frame_matches_reference                   FAIL         122.00           0.00     261990.35  **
                                                        ** test_rtl_to_pixels_top.final_output_stall_delays_count_and_new_frame_admission        FAIL         122.00           0.00     362779.94  **
                                                        ** test_rtl_to_pixels_top.consecutive_frames_with_idle_reconfiguration_match_reference   FAIL         122.00           0.00     396371.60  **
                                                        *********************************************************************************************************************************************
                                                        ** TESTS=4 PASS=0 FAIL=4 SKIP=0                                                                       478.00           0.01      66356.28  **
                                                        *********************************************************************************************************************************************
- :0: Verilog $finish
make: *** [/var/folders/78/xn7s20w54m75pf1x_198zh980000gn/T/tmp.NA1P7dmAbk/results.xml] Error 4
DEBUG003_FAIL_RC=2
