rm -f /var/folders/78/xn7s20w54m75pf1x_198zh980000gn/T/tmp.D2LPLbVSJy/results.xml
/opt/homebrew/bin/verilator -cc --exe -Mdir /var/folders/78/xn7s20w54m75pf1x_198zh980000gn/T/tmp.D2LPLbVSJy --top-module magnitude_clamp -Wno-UNSIGNED --timescale 1ns/1ps --vpi --public-flat-rw --prefix Vtop -o Vtop -LDFLAGS "-Wl,-rpath,/Users/Dilan/Projects/from-rtl-to-pixels/.venv/lib/python3.14/site-packages/cocotb/libs -L/Users/Dilan/Projects/from-rtl-to-pixels/.venv/lib/python3.14/site-packages/cocotb/libs -lcocotbvpi_verilator"  /Users/Dilan/Projects/from-rtl-to-pixels/rtl/magnitude_clamp.sv /Users/Dilan/Projects/from-rtl-to-pixels/.venv/lib/python3.14/site-packages/cocotb/share/lib/verilator/verilator.cpp
- V e r i l a t i o n   R e p o r t: Verilator 5.052 2026-09-05 rev vUNKNOWN-built20260905
- Verilator: Built from 0.032 MB sources in 2 modules, into 0.032 MB in 6 C++ files needing 0.000 MB
- Verilator: Walltime 0.032 s (elab=0.006, cvt=0.013, bld=0.000); cpu 0.013 s on 1 threads; allocated 9.828 MB
/Applications/Xcode.app/Contents/Developer/usr/bin/make -C /var/folders/78/xn7s20w54m75pf1x_198zh980000gn/T/tmp.D2LPLbVSJy  -f Vtop.mk
c++  -I.  -MMD -I/opt/homebrew/Cellar/verilator/5.052/share/verilator/include -I/opt/homebrew/Cellar/verilator/5.052/share/verilator/include/vltstd -DVERILATOR=1 -DVM_COVERAGE=0 -DVM_SC=0 -DVM_TIMING=0 -DVM_TRACE=0 -DVM_TRACE_FST=0 -DVM_TRACE_VCD=0 -DVM_TRACE_SAIF=0 -DVM_VPI=1 -faligned-new -fbracket-depth=4096 -fcf-protection=none -Xclang -fno-pch-timestamp -Qunused-arguments -Wno-bool-operation -Wno-c++11-narrowing -Wno-constant-logical-operand -Wno-int-in-bool-context -Wno-non-pod-varargs -Wno-parentheses-equality -Wno-shadow -Wno-sign-compare -Wno-tautological-bitwise-compare -Wno-tautological-compare -Wno-uninitialized -Wno-unnecessary-virtual-specifier -Wno-unused-but-set-parameter -Wno-unused-but-set-variable -Wno-unused-parameter -Wno-unused-variable -Wno-vla-cxx-extension      -Os  -c -o verilator.o /Users/Dilan/Projects/from-rtl-to-pixels/.venv/lib/python3.14/site-packages/cocotb/share/lib/verilator/verilator.cpp
c++ -Os  -I.  -MMD -I/opt/homebrew/Cellar/verilator/5.052/share/verilator/include -I/opt/homebrew/Cellar/verilator/5.052/share/verilator/include/vltstd -DVERILATOR=1 -DVM_COVERAGE=0 -DVM_SC=0 -DVM_TIMING=0 -DVM_TRACE=0 -DVM_TRACE_FST=0 -DVM_TRACE_VCD=0 -DVM_TRACE_SAIF=0 -DVM_VPI=1 -faligned-new -fbracket-depth=4096 -fcf-protection=none -Xclang -fno-pch-timestamp -Qunused-arguments -Wno-bool-operation -Wno-c++11-narrowing -Wno-constant-logical-operand -Wno-int-in-bool-context -Wno-non-pod-varargs -Wno-parentheses-equality -Wno-shadow -Wno-sign-compare -Wno-tautological-bitwise-compare -Wno-tautological-compare -Wno-uninitialized -Wno-unnecessary-virtual-specifier -Wno-unused-but-set-parameter -Wno-unused-but-set-variable -Wno-unused-parameter -Wno-unused-variable -Wno-vla-cxx-extension      -c -o verilated.o /opt/homebrew/Cellar/verilator/5.052/share/verilator/include/verilated.cpp
c++ -Os  -I.  -MMD -I/opt/homebrew/Cellar/verilator/5.052/share/verilator/include -I/opt/homebrew/Cellar/verilator/5.052/share/verilator/include/vltstd -DVERILATOR=1 -DVM_COVERAGE=0 -DVM_SC=0 -DVM_TIMING=0 -DVM_TRACE=0 -DVM_TRACE_FST=0 -DVM_TRACE_VCD=0 -DVM_TRACE_SAIF=0 -DVM_VPI=1 -faligned-new -fbracket-depth=4096 -fcf-protection=none -Xclang -fno-pch-timestamp -Qunused-arguments -Wno-bool-operation -Wno-c++11-narrowing -Wno-constant-logical-operand -Wno-int-in-bool-context -Wno-non-pod-varargs -Wno-parentheses-equality -Wno-shadow -Wno-sign-compare -Wno-tautological-bitwise-compare -Wno-tautological-compare -Wno-uninitialized -Wno-unnecessary-virtual-specifier -Wno-unused-but-set-parameter -Wno-unused-but-set-variable -Wno-unused-parameter -Wno-unused-variable -Wno-vla-cxx-extension      -c -o verilated_dpi.o /opt/homebrew/Cellar/verilator/5.052/share/verilator/include/verilated_dpi.cpp
c++ -Os  -I.  -MMD -I/opt/homebrew/Cellar/verilator/5.052/share/verilator/include -I/opt/homebrew/Cellar/verilator/5.052/share/verilator/include/vltstd -DVERILATOR=1 -DVM_COVERAGE=0 -DVM_SC=0 -DVM_TIMING=0 -DVM_TRACE=0 -DVM_TRACE_FST=0 -DVM_TRACE_VCD=0 -DVM_TRACE_SAIF=0 -DVM_VPI=1 -faligned-new -fbracket-depth=4096 -fcf-protection=none -Xclang -fno-pch-timestamp -Qunused-arguments -Wno-bool-operation -Wno-c++11-narrowing -Wno-constant-logical-operand -Wno-int-in-bool-context -Wno-non-pod-varargs -Wno-parentheses-equality -Wno-shadow -Wno-sign-compare -Wno-tautological-bitwise-compare -Wno-tautological-compare -Wno-uninitialized -Wno-unnecessary-virtual-specifier -Wno-unused-but-set-parameter -Wno-unused-but-set-variable -Wno-unused-parameter -Wno-unused-variable -Wno-vla-cxx-extension      -c -o verilated_vpi.o /opt/homebrew/Cellar/verilator/5.052/share/verilator/include/verilated_vpi.cpp
c++ -Os  -I.  -MMD -I/opt/homebrew/Cellar/verilator/5.052/share/verilator/include -I/opt/homebrew/Cellar/verilator/5.052/share/verilator/include/vltstd -DVERILATOR=1 -DVM_COVERAGE=0 -DVM_SC=0 -DVM_TIMING=0 -DVM_TRACE=0 -DVM_TRACE_FST=0 -DVM_TRACE_VCD=0 -DVM_TRACE_SAIF=0 -DVM_VPI=1 -faligned-new -fbracket-depth=4096 -fcf-protection=none -Xclang -fno-pch-timestamp -Qunused-arguments -Wno-bool-operation -Wno-c++11-narrowing -Wno-constant-logical-operand -Wno-int-in-bool-context -Wno-non-pod-varargs -Wno-parentheses-equality -Wno-shadow -Wno-sign-compare -Wno-tautological-bitwise-compare -Wno-tautological-compare -Wno-uninitialized -Wno-unnecessary-virtual-specifier -Wno-unused-but-set-parameter -Wno-unused-but-set-variable -Wno-unused-parameter -Wno-unused-variable -Wno-vla-cxx-extension      -c -o verilated_threads.o /opt/homebrew/Cellar/verilator/5.052/share/verilator/include/verilated_threads.cpp
python3 /opt/homebrew/Cellar/verilator/5.052/share/verilator/bin/verilator_includer -DVL_INCLUDE_OPT=include Vtop.cpp Vtop___024root__0.cpp Vtop__Dpi.cpp Vtop___024root__Slow.cpp Vtop___024root__0__Slow.cpp Vtop__Syms__Slow.cpp > Vtop__ALL.cpp
c++ -Os  -I.  -MMD -I/opt/homebrew/Cellar/verilator/5.052/share/verilator/include -I/opt/homebrew/Cellar/verilator/5.052/share/verilator/include/vltstd -DVERILATOR=1 -DVM_COVERAGE=0 -DVM_SC=0 -DVM_TIMING=0 -DVM_TRACE=0 -DVM_TRACE_FST=0 -DVM_TRACE_VCD=0 -DVM_TRACE_SAIF=0 -DVM_VPI=1 -faligned-new -fbracket-depth=4096 -fcf-protection=none -Xclang -fno-pch-timestamp -Qunused-arguments -Wno-bool-operation -Wno-c++11-narrowing -Wno-constant-logical-operand -Wno-int-in-bool-context -Wno-non-pod-varargs -Wno-parentheses-equality -Wno-shadow -Wno-sign-compare -Wno-tautological-bitwise-compare -Wno-tautological-compare -Wno-uninitialized -Wno-unnecessary-virtual-specifier -Wno-unused-but-set-parameter -Wno-unused-but-set-variable -Wno-unused-parameter -Wno-unused-variable -Wno-vla-cxx-extension      -c -o Vtop__ALL.o Vtop__ALL.cpp
c++  -Wl,-U,__Z15vl_time_stamp64v,-U,__Z13sc_time_stampv,-U,_vlog_startup_routines   -rdynamic verilator.o verilated.o verilated_dpi.o verilated_vpi.o verilated_threads.o Vtop__ALL.a   -Wl,-rpath,/Users/Dilan/Projects/from-rtl-to-pixels/.venv/lib/python3.14/site-packages/cocotb/libs -L/Users/Dilan/Projects/from-rtl-to-pixels/.venv/lib/python3.14/site-packages/cocotb/libs -lcocotbvpi_verilator  -pthread -lpthread -ldl   -o Vtop
rm Vtop__ALL.verilator_deplist.tmp
rm -f /var/folders/78/xn7s20w54m75pf1x_198zh980000gn/T/tmp.D2LPLbVSJy/results.xml
COCOTB_TEST_MODULES=test_magnitude_clamp COCOTB_TESTCASE=  COCOTB_TOPLEVEL=magnitude_clamp TOPLEVEL_LANG=verilog       \
         /var/folders/78/xn7s20w54m75pf1x_198zh980000gn/T/tmp.D2LPLbVSJy/Vtop     
     -.--ns INFO     gpi                                ../gpi/GpiCommon.cpp:242  in gpi_load_users                  Loaded entry library: '/Library/Frameworks/Python.framework/Versions/3.14/Python'
     -.--ns INFO     gpi                                ../gpi/GpiCommon.cpp:234  in gpi_load_users                  Running entry func 'initialize' from loaded library '/Users/Dilan/Projects/from-rtl-to-pixels/.venv/lib/python3.14/site-packages/cocotb/simulator.cpython-314-darwin.so'
     -.--ns INFO     pygpi                              ..ib/pygpi/embed.cpp:115  in initialize                      Using Python 3.14.6 interpreter at /Users/Dilan/Projects/from-rtl-to-pixels/.venv/bin/python
     -.--ns INFO     gpi                                ../gpi/GpiCommon.cpp:74   in gpi_print_registered_impl       GPI: VPI support registered
     0.00ns INFO     cocotb.initialize                  Seeding Python random module with 1790118691
     0.00ns INFO     cocotb.initialize                  Initialized cocotb v2.1.0 from /Users/Dilan/Projects/from-rtl-to-pixels/.venv/lib/python3.14/site-packages/cocotb
     0.00ns INFO     cocotb.initialize                  Running on Verilator version 5.052 2026-09-05
     0.00ns INFO     cocotb.regression                  Running tests
     0.00ns INFO     cocotb.regression                  running test_magnitude_clamp.zero_small_values_and_absolute_signs (1/7)
     3.00ns WARNING  cocotb.regression                  test_magnitude_clamp.zero_small_values_and_absolute_signs failed
                                                        Traceback (most recent call last):
                                                          File "/Users/Dilan/Projects/from-rtl-to-pixels/tb/tests/test_magnitude_clamp.py", line 40, in zero_small_values_and_absolute_signs
                                                            await check_values(dut, gx, gy, expected=expected, context=f"small/sign case={index}")
                                                          File "/Users/Dilan/Projects/from-rtl-to-pixels/tb/tests/test_magnitude_clamp.py", line 33, in check_values
                                                            assert actual == oracle, f"{context}: gx={gx} gy={gy} expected={oracle} actual={actual}"
                                                        AssertionError: small/sign case=2: gx=-1 gy=0 expected=(1, 1) actual=(2047, 255)
                                                        assert (2047, 255) == (1, 1)
     3.00ns INFO     cocotb.regression                  running test_magnitude_clamp.clamp_boundary_is_exact (2/7)
     9.00ns WARNING  cocotb.regression                  test_magnitude_clamp.clamp_boundary_is_exact failed
                                                        Traceback (most recent call last):
                                                          File "/Users/Dilan/Projects/from-rtl-to-pixels/tb/tests/test_magnitude_clamp.py", line 46, in clamp_boundary_is_exact
                                                            await check_values(dut, gx, gy, expected=expected, context=f"clamp boundary case={index}")
                                                          File "/Users/Dilan/Projects/from-rtl-to-pixels/tb/tests/test_magnitude_clamp.py", line 33, in check_values
                                                            assert actual == oracle, f"{context}: gx={gx} gy={gy} expected={oracle} actual={actual}"
                                                        AssertionError: clamp boundary case=5: gx=-128 gy=127 expected=(255, 255) actual=(2047, 255)
                                                        assert (2047, 255) == (255, 255)
     9.00ns INFO     cocotb.regression                  running test_magnitude_clamp.maximum_required_gradient_cases (3/7)
    11.00ns WARNING  cocotb.regression                  test_magnitude_clamp.maximum_required_gradient_cases failed
                                                        Traceback (most recent call last):
                                                          File "/Users/Dilan/Projects/from-rtl-to-pixels/tb/tests/test_magnitude_clamp.py", line 52, in maximum_required_gradient_cases
                                                            await check_values(dut, gx, gy, expected=expected, context=f"maximum-range case={index}")
                                                          File "/Users/Dilan/Projects/from-rtl-to-pixels/tb/tests/test_magnitude_clamp.py", line 33, in check_values
                                                            assert actual == oracle, f"{context}: gx={gx} gy={gy} expected={oracle} actual={actual}"
                                                        AssertionError: maximum-range case=1: gx=-1020 gy=0 expected=(1020, 255) actual=(1028, 255)
                                                        assert (1028, 255) == (1020, 255)
    11.00ns INFO     cocotb.regression                  running test_magnitude_clamp.sign_symmetry_is_exact (4/7)
    12.00ns WARNING  cocotb.regression                  test_magnitude_clamp.sign_symmetry_is_exact failed
                                                        Traceback (most recent call last):
                                                          File "/Users/Dilan/Projects/from-rtl-to-pixels/tb/tests/test_magnitude_clamp.py", line 61, in sign_symmetry_is_exact
                                                            await check_values(dut, gx_sign * gx_abs, gy_sign * gy_abs, expected=expected, context=f"sign symmetry gx_abs={gx_abs} gy_abs={gy_abs} gx_sign={gx_sign} gy_sign={gy_sign}")
                                                          File "/Users/Dilan/Projects/from-rtl-to-pixels/tb/tests/test_magnitude_clamp.py", line 33, in check_values
                                                            assert actual == oracle, f"{context}: gx={gx} gy={gy} expected={oracle} actual={actual}"
                                                        AssertionError: sign symmetry gx_abs=3 gy_abs=7 gx_sign=-1 gy_sign=-1: gx=-3 gy=-7 expected=(10, 10) actual=(2038, 255)
                                                        assert (2038, 255) == (10, 10)
    12.00ns INFO     cocotb.regression                  running test_magnitude_clamp.exhaustive_gx_axis_matches_oracle (5/7)
    13.00ns WARNING  cocotb.regression                  test_magnitude_clamp.exhaustive_gx_axis_matches_oracle failed
                                                        Traceback (most recent call last):
                                                          File "/Users/Dilan/Projects/from-rtl-to-pixels/tb/tests/test_magnitude_clamp.py", line 66, in exhaustive_gx_axis_matches_oracle
                                                            await check_values(dut, gx, 0, context=f"gx-axis gx={gx}")
                                                          File "/Users/Dilan/Projects/from-rtl-to-pixels/tb/tests/test_magnitude_clamp.py", line 33, in check_values
                                                            assert actual == oracle, f"{context}: gx={gx} gy={gy} expected={oracle} actual={actual}"
                                                        AssertionError: gx-axis gx=-1020: gx=-1020 gy=0 expected=(1020, 255) actual=(1028, 255)
                                                        assert (1028, 255) == (1020, 255)
    13.00ns INFO     cocotb.regression                  running test_magnitude_clamp.exhaustive_gy_axis_matches_oracle (6/7)
    14.01ns WARNING  cocotb.regression                  test_magnitude_clamp.exhaustive_gy_axis_matches_oracle failed
                                                        Traceback (most recent call last):
                                                          File "/Users/Dilan/Projects/from-rtl-to-pixels/tb/tests/test_magnitude_clamp.py", line 71, in exhaustive_gy_axis_matches_oracle
                                                            await check_values(dut, 0, gy, context=f"gy-axis gy={gy}")
                                                          File "/Users/Dilan/Projects/from-rtl-to-pixels/tb/tests/test_magnitude_clamp.py", line 33, in check_values
                                                            assert actual == oracle, f"{context}: gx={gx} gy={gy} expected={oracle} actual={actual}"
                                                        AssertionError: gy-axis gy=-1020: gx=0 gy=-1020 expected=(1020, 255) actual=(1028, 255)
                                                        assert (1028, 255) == (1020, 255)
    14.01ns INFO     cocotb.regression                  running test_magnitude_clamp.deterministic_random_gradient_pairs_match_oracle (7/7)
    15.01ns WARNING  cocotb.regression                  test_magnitude_clamp.deterministic_random_gradient_pairs_match_oracle failed
                                                        Traceback (most recent call last):
                                                          File "/Users/Dilan/Projects/from-rtl-to-pixels/tb/tests/test_magnitude_clamp.py", line 79, in deterministic_random_gradient_pairs_match_oracle
                                                            await check_values(dut, gx, gy, context=f"random vector={vector_index}")
                                                          File "/Users/Dilan/Projects/from-rtl-to-pixels/tb/tests/test_magnitude_clamp.py", line 33, in check_values
                                                            assert actual == oracle, f"{context}: gx={gx} gy={gy} expected={oracle} actual={actual}"
                                                        AssertionError: random vector=0: gx=623 gy=-722 expected=(1345, 255) actual=(1949, 255)
                                                        assert (1949, 255) == (1345, 255)
    15.01ns INFO     cocotb.regression                  *******************************************************************************************************************************
                                                        ** TEST                                                                   STATUS  SIM TIME (ns)  REAL TIME (s)  RATIO (ns/s) **
                                                        *******************************************************************************************************************************
                                                        ** test_magnitude_clamp.zero_small_values_and_absolute_signs               FAIL           3.00           0.00      10130.86  **
                                                        ** test_magnitude_clamp.clamp_boundary_is_exact                            FAIL           6.00           0.00      46050.40  **
                                                        ** test_magnitude_clamp.maximum_required_gradient_cases                    FAIL           2.00           0.00      31600.07  **
                                                        ** test_magnitude_clamp.sign_symmetry_is_exact                             FAIL           1.00           0.00      20338.84  **
                                                        ** test_magnitude_clamp.exhaustive_gx_axis_matches_oracle                  FAIL           1.00           0.00      21680.20  **
                                                        ** test_magnitude_clamp.exhaustive_gy_axis_matches_oracle                  FAIL           1.00           0.00      22201.98  **
                                                        ** test_magnitude_clamp.deterministic_random_gradient_pairs_match_oracle   FAIL           1.00           0.00      17950.43  **
                                                        *******************************************************************************************************************************
                                                        ** TESTS=7 PASS=0 FAIL=7 SKIP=0                                                          15.01           0.01       2537.69  **
                                                        *******************************************************************************************************************************
- :0: Verilog $finish
make: *** [/var/folders/78/xn7s20w54m75pf1x_198zh980000gn/T/tmp.D2LPLbVSJy/results.xml] Error 7
DEBUG001_FUNCTIONAL_FAIL_RC=2
