P6-DIM-IMAGE-TRACE-001 evidence

Baseline: 9a1dc4d4148af59226cac9e0344b2a751a71ef2d
Verilator: 5.052 2026-09-05 rev vUNKNOWN-built20260905
cocotb: 2.1.0

Public image provenance:
  Source page: https://commons.wikimedia.org/wiki/File:Tokinokane2005-1-4.jpg
  Filename: Tokinokane2005-1-4.jpg
  Description: Toki no Kane bell tower in Kawagoe-shi, Saitama
  Author: Kinori
  Date: 14 January 2005
  Licence: Public domain; released into the public domain by the author.
  Local path: tb/images/Tokinokane2005-1-4.jpg
  SHA-256: 8331a2d0edb64057fdf31b1b1385430c58b2698942ef7d29e00e392b7350d5e4
  Pillow verification: size=(640, 480), mode=RGB

Python syntax:
  python3 -m py_compile tb/tests/test_rtl_to_pixels_top_dimension_image.py
  exit 0

Parameterized strict lint:
  3x3 complete production source list, --lint-only -Wall: exit 0, zero warnings
  640x480 complete production source list, --lint-only -Wall: exit 0, zero warnings

Random dimension simulations (fresh temporary build per case):
  4x4: TESTS=1 PASS=1 FAIL=0 exit 0
    random-0 accepted_input=16 accepted_output=16 mismatch_count=0 cycles=22 input_sha256=84b36fd0c837d063613da079d863f87dc10efd76835f233c999ab867abc9bcd9
    random-1 accepted_input=16 accepted_output=16 mismatch_count=0 cycles=22 input_sha256=dca6c35e69972911b7e05cd3d01a91e8ebd5fa4466ce390d3f8c6c8251cb7b18
    random-2 accepted_input=16 accepted_output=16 mismatch_count=0 cycles=22 input_sha256=358d47e2c375efcd6af2257e94658e1c426e24cdc4cb1e01388585f62bca0cec
    final_frame_count=3
  5x5: TESTS=1 PASS=1 FAIL=0 exit 0
    random-0 accepted_input=25 accepted_output=25 mismatch_count=0 cycles=32 input_sha256=5793d2d7fc59fa82780c3d0c8c38de00267ebe70121a8bdcf748b874f8690c74
    random-1 accepted_input=25 accepted_output=25 mismatch_count=0 cycles=32 input_sha256=a9c057636f0135b5a675eb7b250f2f4a6473c83a01035b40c4eeec6f9da4e79b
    random-2 accepted_input=25 accepted_output=25 mismatch_count=0 cycles=32 input_sha256=cec6f0b505241926ee98c885bd33539cd2253055b1da221e73ae173a063dade4
    final_frame_count=3
  3x7: TESTS=1 PASS=1 FAIL=0 exit 0
    random-0 accepted_input=21 accepted_output=21 mismatch_count=0 cycles=26 input_sha256=bfdf2e8467abdb467882d2ea57c67e20597054c87e21eebd3e0a20fc5ce0bebc
    random-1 accepted_input=21 accepted_output=21 mismatch_count=0 cycles=26 input_sha256=d38e0e4b42671e9f96765b64d7d575a2d43de6f6edcce7e77b27310fa82207e5
    random-2 accepted_input=21 accepted_output=21 mismatch_count=0 cycles=26 input_sha256=452e63876431aea0441bf50fffbdc1f4aabe901c85f8e4e15e0d2ed982468c3a
    final_frame_count=3
  7x3: TESTS=1 PASS=1 FAIL=0 exit 0
    random-0 accepted_input=21 accepted_output=21 mismatch_count=0 cycles=30 input_sha256=70b617677e1dbc7c233ba4bdcacc302173720143448ab73860a23bb17cf9870c
    random-1 accepted_input=21 accepted_output=21 mismatch_count=0 cycles=30 input_sha256=d00091f5d2c48c23dfe62f58b982f4580b4d1200651cb46b2fbfc00f61384774
    random-2 accepted_input=21 accepted_output=21 mismatch_count=0 cycles=30 input_sha256=1bae3f21fd12762f2def432af685feb9c14b7e442b30e59c5aa0bf5db18ae38f
    final_frame_count=3
  16x9: TESTS=1 PASS=1 FAIL=0 exit 0
    random-0 accepted_input=144 accepted_output=144 mismatch_count=0 cycles=162 input_sha256=fd9c75528afbc54caba20e4767be6b05883b15910843efde2872c24aac0f22dc
    random-1 accepted_input=144 accepted_output=144 mismatch_count=0 cycles=162 input_sha256=2aca6f55d127f5163bd964c2549af30e9f7f9b21fdfba9787799352fec2df20d
    random-2 accepted_input=144 accepted_output=144 mismatch_count=0 cycles=162 input_sha256=6b6ed58bed66231771abc0be97746a1676edf7815bc5ae8e1a62fc2b0cbed10e
    final_frame_count=3
  31x17: TESTS=1 PASS=1 FAIL=0 exit 0
    random-0 accepted_input=527 accepted_output=527 mismatch_count=0 cycles=560 input_sha256=47c36f2a7fe1c04d9e68f740afa775afe9510014334c3524cdf461323b58c8b8
    random-1 accepted_input=527 accepted_output=527 mismatch_count=0 cycles=560 input_sha256=d08de97454409f7f61a51ab6f36eeeb408bf70ddf65f50a851dded8eeaa3ce3b
    random-2 accepted_input=527 accepted_output=527 mismatch_count=0 cycles=560 input_sha256=a2122484e7512539f051886c1e610290d71d5ca7458f559184db977b227309ba
    final_frame_count=3
  Total additional random frames: 18; all mismatch_count=0.

Canonical real-image simulation (fresh temporary build):
  Command: IMG_WIDTH=640 IMG_HEIGHT=480 CASE_KIND=real IMAGE_PATH=tb/images/Tokinokane2005-1-4.jpg RESULTS_DIR=results/processed make -f tb/tests/Makefile.rtl_to_pixels_top_dimension_image
  TESTS=1 PASS=1 FAIL=0 exit 0
  accepted_input=307200 accepted_output=307200 mismatch_count=0 FRAME_COUNT=1 diff_nonzero=0
  input_sha256=8a74b4b40cced20eb411d6e91e705b6efe21dd10befd597366da9f1e78ae497d
  outputs: results/processed/gate3-real-reference.png results/processed/gate3-real-rtl.png results/processed/gate3-real-diff.png
  Pillow artifact verification: all three images are 640x480; diff nonzero pixels=0.

Reference regression:
  .venv/bin/python -m pytest -q tb/tests/test_reference_model.py
  13 passed in 0.07s; exit 0

All required dimension/image simulations and reference checks passed. Production RTL was unchanged.
