$ verilator --version
Verilator 5.052 2026-09-05 rev vUNKNOWN-built20260905
exit_code=0
$ .venv/bin/cocotb-config --version
2.1.0
exit_code=0
$ verilator --lint-only -Wall rtl/sobel_compact.sv --top-module sobel_compact
- V e r i l a t i o n   R e p o r t: Verilator 5.052 2026-09-05 rev vUNKNOWN-built20260905
- Verilator: Built from 0.035 MB sources in 2 modules, into 0.021 MB in 3 C++ files needing 0.000 MB
- Verilator: Walltime 0.020 s (elab=0.004, cvt=0.006, bld=0.000); cpu 0.008 s on 1 threads; allocated 9.781 MB
exit_code=0

$ tmp="$(mktemp -d)"
PATH="$PWD/.venv/bin:$PATH" \
SIM_BUILD="$tmp" \
COCOTB_RESULTS_FILE="$tmp/results.xml" \
make -f tb/tests/Makefile.sobel_compact
rc=$?
rm -rf "$tmp"
exit "$rc"
Temporary directory: /var/folders/78/xn7s20w54m75pf1x_198zh980000gn/T/tmp.kwdArW6ET0
rm -f /var/folders/78/xn7s20w54m75pf1x_198zh980000gn/T/tmp.kwdArW6ET0/results.xml
/opt/homebrew/bin/verilator -cc --exe -Mdir /var/folders/78/xn7s20w54m75pf1x_198zh980000gn/T/tmp.kwdArW6ET0 --top-module sobel_compact --timescale 1ns/1ps --vpi --public-flat-rw --prefix Vtop -o Vtop -LDFLAGS "-Wl,-rpath,/Users/Dilan/Projects/from-rtl-to-pixels/.venv/lib/python3.14/site-packages/cocotb/libs -L/Users/Dilan/Projects/from-rtl-to-pixels/.venv/lib/python3.14/site-packages/cocotb/libs -lcocotbvpi_verilator"  /Users/Dilan/Projects/from-rtl-to-pixels/rtl/sobel_compact.sv /Users/Dilan/Projects/from-rtl-to-pixels/.venv/lib/python3.14/site-packages/cocotb/share/lib/verilator/verilator.cpp
- V e r i l a t i o n   R e p o r t: Verilator 5.052 2026-09-05 rev vUNKNOWN-built20260905
- Verilator: Built from 0.033 MB sources in 2 modules, into 0.040 MB in 6 C++ files needing 0.000 MB
- Verilator: Walltime 0.010 s (elab=0.001, cvt=0.004, bld=0.000); cpu 0.007 s on 1 threads; allocated 9.891 MB
/Applications/Xcode.app/Contents/Developer/usr/bin/make -C /var/folders/78/xn7s20w54m75pf1x_198zh980000gn/T/tmp.kwdArW6ET0  -f Vtop.mk
c++  -I.  -MMD -I/opt/homebrew/Cellar/verilator/5.052/share/verilator/include -I/opt/homebrew/Cellar/verilator/5.052/share/verilator/include/vltstd -DVERILATOR=1 -DVM_COVERAGE=0 -DVM_SC=0 -DVM_TIMING=0 -DVM_TRACE=0 -DVM_TRACE_FST=0 -DVM_TRACE_VCD=0 -DVM_TRACE_SAIF=0 -DVM_VPI=1 -faligned-new -fbracket-depth=4096 -fcf-protection=none -Xclang -fno-pch-timestamp -Qunused-arguments -Wno-bool-operation -Wno-c++11-narrowing -Wno-constant-logical-operand -Wno-int-in-bool-context -Wno-non-pod-varargs -Wno-parentheses-equality -Wno-shadow -Wno-sign-compare -Wno-tautological-bitwise-compare -Wno-tautological-compare -Wno-uninitialized -Wno-unnecessary-virtual-specifier -Wno-unused-but-set-parameter -Wno-unused-but-set-variable -Wno-unused-parameter -Wno-unused-variable -Wno-vla-cxx-extension      -Os  -c -o verilator.o /Users/Dilan/Projects/from-rtl-to-pixels/.venv/lib/python3.14/site-packages/cocotb/share/lib/verilator/verilator.cpp
c++ -Os  -I.  -MMD -I/opt/homebrew/Cellar/verilator/5.052/share/verilator/include -I/opt/homebrew/Cellar/verilator/5.052/share/verilator/include/vltstd -DVERILATOR=1 -DVM_COVERAGE=0 -DVM_SC=0 -DVM_TIMING=0 -DVM_TRACE=0 -DVM_TRACE_FST=0 -DVM_TRACE_VCD=0 -DVM_TRACE_SAIF=0 -DVM_VPI=1 -faligned-new -fbracket-depth=4096 -fcf-protection=none -Xclang -fno-pch-timestamp -Qunused-arguments -Wno-bool-operation -Wno-c++11-narrowing -Wno-constant-logical-operand -Wno-int-in-bool-context -Wno-non-pod-varargs -Wno-parentheses-equality -Wno-shadow -Wno-sign-compare -Wno-tautological-bitwise-compare -Wno-tautological-compare -Wno-uninitialized -Wno-unnecessary-virtual-specifier -Wno-unused-but-set-parameter -Wno-unused-but-set-variable -Wno-unused-parameter -Wno-unused-variable -Wno-vla-cxx-extension      -c -o verilated.o /opt/homebrew/Cellar/verilator/5.052/share/verilator/include/verilated.cpp
c++ -Os  -I.  -MMD -I/opt/homebrew/Cellar/verilator/5.052/share/verilator/include -I/opt/homebrew/Cellar/verilator/5.052/share/verilator/include/vltstd -DVERILATOR=1 -DVM_COVERAGE=0 -DVM_SC=0 -DVM_TIMING=0 -DVM_TRACE=0 -DVM_TRACE_FST=0 -DVM_TRACE_VCD=0 -DVM_TRACE_SAIF=0 -DVM_VPI=1 -faligned-new -fbracket-depth=4096 -fcf-protection=none -Xclang -fno-pch-timestamp -Qunused-arguments -Wno-bool-operation -Wno-c++11-narrowing -Wno-constant-logical-operand -Wno-int-in-bool-context -Wno-non-pod-varargs -Wno-parentheses-equality -Wno-shadow -Wno-sign-compare -Wno-tautological-bitwise-compare -Wno-tautological-compare -Wno-uninitialized -Wno-unnecessary-virtual-specifier -Wno-unused-but-set-parameter -Wno-unused-but-set-variable -Wno-unused-parameter -Wno-unused-variable -Wno-vla-cxx-extension      -c -o verilated_dpi.o /opt/homebrew/Cellar/verilator/5.052/share/verilator/include/verilated_dpi.cpp
c++ -Os  -I.  -MMD -I/opt/homebrew/Cellar/verilator/5.052/share/verilator/include -I/opt/homebrew/Cellar/verilator/5.052/share/verilator/include/vltstd -DVERILATOR=1 -DVM_COVERAGE=0 -DVM_SC=0 -DVM_TIMING=0 -DVM_TRACE=0 -DVM_TRACE_FST=0 -DVM_TRACE_VCD=0 -DVM_TRACE_SAIF=0 -DVM_VPI=1 -faligned-new -fbracket-depth=4096 -fcf-protection=none -Xclang -fno-pch-timestamp -Qunused-arguments -Wno-bool-operation -Wno-c++11-narrowing -Wno-constant-logical-operand -Wno-int-in-bool-context -Wno-non-pod-varargs -Wno-parentheses-equality -Wno-shadow -Wno-sign-compare -Wno-tautological-bitwise-compare -Wno-tautological-compare -Wno-uninitialized -Wno-unnecessary-virtual-specifier -Wno-unused-but-set-parameter -Wno-unused-but-set-variable -Wno-unused-parameter -Wno-unused-variable -Wno-vla-cxx-extension      -c -o verilated_vpi.o /opt/homebrew/Cellar/verilator/5.052/share/verilator/include/verilated_vpi.cpp
c++ -Os  -I.  -MMD -I/opt/homebrew/Cellar/verilator/5.052/share/verilator/include -I/opt/homebrew/Cellar/verilator/5.052/share/verilator/include/vltstd -DVERILATOR=1 -DVM_COVERAGE=0 -DVM_SC=0 -DVM_TIMING=0 -DVM_TRACE=0 -DVM_TRACE_FST=0 -DVM_TRACE_VCD=0 -DVM_TRACE_SAIF=0 -DVM_VPI=1 -faligned-new -fbracket-depth=4096 -fcf-protection=none -Xclang -fno-pch-timestamp -Qunused-arguments -Wno-bool-operation -Wno-c++11-narrowing -Wno-constant-logical-operand -Wno-int-in-bool-context -Wno-non-pod-varargs -Wno-parentheses-equality -Wno-shadow -Wno-sign-compare -Wno-tautological-bitwise-compare -Wno-tautological-compare -Wno-uninitialized -Wno-unnecessary-virtual-specifier -Wno-unused-but-set-parameter -Wno-unused-but-set-variable -Wno-unused-parameter -Wno-unused-variable -Wno-vla-cxx-extension      -c -o verilated_threads.o /opt/homebrew/Cellar/verilator/5.052/share/verilator/include/verilated_threads.cpp
python3 /opt/homebrew/Cellar/verilator/5.052/share/verilator/bin/verilator_includer -DVL_INCLUDE_OPT=include Vtop.cpp Vtop___024root__0.cpp Vtop__Dpi.cpp Vtop___024root__Slow.cpp Vtop___024root__0__Slow.cpp Vtop__Syms__Slow.cpp > Vtop__ALL.cpp
c++ -Os  -I.  -MMD -I/opt/homebrew/Cellar/verilator/5.052/share/verilator/include -I/opt/homebrew/Cellar/verilator/5.052/share/verilator/include/vltstd -DVERILATOR=1 -DVM_COVERAGE=0 -DVM_SC=0 -DVM_TIMING=0 -DVM_TRACE=0 -DVM_TRACE_FST=0 -DVM_TRACE_VCD=0 -DVM_TRACE_SAIF=0 -DVM_VPI=1 -faligned-new -fbracket-depth=4096 -fcf-protection=none -Xclang -fno-pch-timestamp -Qunused-arguments -Wno-bool-operation -Wno-c++11-narrowing -Wno-constant-logical-operand -Wno-int-in-bool-context -Wno-non-pod-varargs -Wno-parentheses-equality -Wno-shadow -Wno-sign-compare -Wno-tautological-bitwise-compare -Wno-tautological-compare -Wno-uninitialized -Wno-unnecessary-virtual-specifier -Wno-unused-but-set-parameter -Wno-unused-but-set-variable -Wno-unused-parameter -Wno-unused-variable -Wno-vla-cxx-extension      -c -o Vtop__ALL.o Vtop__ALL.cpp
c++  -Wl,-U,__Z15vl_time_stamp64v,-U,__Z13sc_time_stampv,-U,_vlog_startup_routines   -rdynamic verilator.o verilated.o verilated_dpi.o verilated_vpi.o verilated_threads.o Vtop__ALL.a   -Wl,-rpath,/Users/Dilan/Projects/from-rtl-to-pixels/.venv/lib/python3.14/site-packages/cocotb/libs -L/Users/Dilan/Projects/from-rtl-to-pixels/.venv/lib/python3.14/site-packages/cocotb/libs -lcocotbvpi_verilator  -pthread -lpthread -ldl   -o Vtop
rm Vtop__ALL.verilator_deplist.tmp
rm -f /var/folders/78/xn7s20w54m75pf1x_198zh980000gn/T/tmp.kwdArW6ET0/results.xml
COCOTB_TEST_MODULES=test_sobel_compact COCOTB_TESTCASE=  COCOTB_TOPLEVEL=sobel_compact TOPLEVEL_LANG=verilog       \
         /var/folders/78/xn7s20w54m75pf1x_198zh980000gn/T/tmp.kwdArW6ET0/Vtop
     -.--ns INFO     gpi                                ../gpi/GpiCommon.cpp:242  in gpi_load_users                  Loaded entry library: '/Library/Frameworks/Python.framework/Versions/3.14/Python'
     -.--ns INFO     gpi                                ../gpi/GpiCommon.cpp:234  in gpi_load_users                  Running entry func 'initialize' from loaded library '/Users/Dilan/Projects/from-rtl-to-pixels/.venv/lib/python3.14/site-packages/cocotb/simulator.cpython-314-darwin.so'
     -.--ns INFO     pygpi                              ..ib/pygpi/embed.cpp:115  in initialize                      Using Python 3.14.6 interpreter at /Users/Dilan/Projects/from-rtl-to-pixels/.venv/bin/python
     -.--ns INFO     gpi                                ../gpi/GpiCommon.cpp:74   in gpi_print_registered_impl       GPI: VPI support registered
     0.00ns INFO     cocotb.initialize                  Seeding Python random module with 1789908102
     0.00ns INFO     cocotb.initialize                  Initialized cocotb v2.1.0 from /Users/Dilan/Projects/from-rtl-to-pixels/.venv/lib/python3.14/site-packages/cocotb
     0.00ns INFO     cocotb.initialize                  Running on Verilator version 5.052 2026-09-05
     0.00ns INFO     cocotb.regression                  Running tests
     0.00ns INFO     cocotb.regression                  running test_sobel_compact.flat_windows_have_zero_gradient (1/7)
     4.00ns INFO     cocotb.regression                  test_sobel_compact.flat_windows_have_zero_gradient passed
     4.00ns INFO     cocotb.regression                  running test_sobel_compact.individual_tap_coefficients_are_exact (2/7)
    12.00ns INFO     cocotb.regression                  test_sobel_compact.individual_tap_coefficients_are_exact passed
    12.00ns INFO     cocotb.regression                  running test_sobel_compact.vertical_edges_reach_both_gx_extremes (3/7)
    14.00ns INFO     cocotb.regression                  test_sobel_compact.vertical_edges_reach_both_gx_extremes passed
    14.00ns INFO     cocotb.regression                  running test_sobel_compact.horizontal_edges_reach_both_gy_extremes (4/7)
    16.00ns INFO     cocotb.regression                  test_sobel_compact.horizontal_edges_reach_both_gy_extremes passed
    16.00ns INFO     cocotb.regression                  running test_sobel_compact.asymmetric_window_checks_kernel_orientation (5/7)
    17.00ns INFO     cocotb.regression                  test_sobel_compact.asymmetric_window_checks_kernel_orientation passed
    17.00ns INFO     cocotb.regression                  running test_sobel_compact.exhaustive_binary_extreme_windows (6/7)
   273.00ns INFO     cocotb.regression                  test_sobel_compact.exhaustive_binary_extreme_windows passed
   273.00ns INFO     cocotb.regression                  running test_sobel_compact.deterministic_random_windows_match_oracle (7/7)
  4369.01ns INFO     cocotb.regression                  test_sobel_compact.deterministic_random_windows_match_oracle passed
  4369.01ns INFO     cocotb.regression                  ************************************************************************************************************************
                                                        ** TEST                                                            STATUS  SIM TIME (ns)  REAL TIME (s)  RATIO (ns/s) **
                                                        ************************************************************************************************************************
                                                        ** test_sobel_compact.flat_windows_have_zero_gradient               PASS           4.00           0.00      16085.83  **
                                                        ** test_sobel_compact.individual_tap_coefficients_are_exact         PASS           8.00           0.00      58447.48  **
                                                        ** test_sobel_compact.vertical_edges_reach_both_gx_extremes         PASS           2.00           0.00      55490.82  **
                                                        ** test_sobel_compact.horizontal_edges_reach_both_gy_extremes       PASS           2.00           0.00      54359.64  **
                                                        ** test_sobel_compact.asymmetric_window_checks_kernel_orientation   PASS           1.00           0.00      48386.30  **
                                                        ** test_sobel_compact.exhaustive_binary_extreme_windows             PASS         256.00           0.00      84523.32  **
                                                        ** test_sobel_compact.deterministic_random_windows_match_oracle     PASS        4096.00           0.05      81542.05  **
                                                        ************************************************************************************************************************
                                                        ** TESTS=7 PASS=7 FAIL=0 SKIP=0                                                 4369.01           0.05      79687.37  **
                                                        ************************************************************************************************************************
- :0: Verilog $finish

exit_code=0

$ .venv/bin/python -m pytest -q tb/tests/test_reference_model.py
.............                                                            [100%]
13 passed in 0.27s
exit_code=0
